ARM Linker, 5.03 [Build 76] [MDK-ARM Standard]

==============================================================================

Section Cross References

    startup_stm32f10x_hd.o(RESET) refers to startup_stm32f10x_hd.o(.text) for Reset_Handler
    startup_stm32f10x_hd.o(RESET) refers to stm32f10x_it.o(.text) for NMI_Handler
    startup_stm32f10x_hd.o(RESET) refers to os_cpu_a.o(.text) for OS_CPU_PendSVHandler
    startup_stm32f10x_hd.o(.text) refers to startup_stm32f10x_hd.o(STACK) for __initial_sp
    startup_stm32f10x_hd.o(.text) refers to entry.o(.ARM.Collect$$$$00000000) for __main
    main.o(.text) refers to bsp.o(.text) for BSP_Init
    main.o(.text) refers to os_core.o(.text) for OSInit
    main.o(.text) refers to os_task.o(.text) for OSTaskCreateExt
    main.o(.text) refers to main.o(.bss) for startup_task_stk
    main.o(.text) refers to app.o(.text) for Task_Start
    stm32f10x_it.o(.text) refers to os_core.o(.text) for OSIntEnter
    stm32f10x_it.o(.text) refers to stm32f10x_usart.o(.text) for USART_GetITStatus
    stm32f10x_it.o(.text) refers to stm32f10x_it.o(.data) for RxCounter1
    stm32f10x_it.o(.text) refers to stm32f10x_it.o(.bss) for glb_msg1
    stm32f10x_gpio.o(.text) refers to stm32f10x_rcc.o(.text) for RCC_APB2PeriphResetCmd
    stm32f10x_rcc.o(.text) refers to stm32f10x_rcc.o(.data) for APBAHBPrescTable
    stm32f10x_usart.o(.text) refers to stm32f10x_rcc.o(.text) for RCC_APB2PeriphResetCmd
    bsp.o(.text) refers to system_stm32f10x.o(.text) for SystemInit
    bsp.o(.text) refers to led.o(.text) for LED_GPIO_Config
    bsp.o(.text) refers to usart1.o(.text) for USART1_Config
    bsp.o(.text) refers to usart2.o(.text) for USART2_Config
    bsp.o(.text) refers to usart3.o(.text) for USART3_Config
    bsp.o(.text) refers to iwdg.o(.text) for IWDG_Init
    bsp.o(.text) refers to system_stm32f10x.o(.constdata) for SystemFrequency
    led.o(.text) refers to stm32f10x_rcc.o(.text) for RCC_APB2PeriphClockCmd
    led.o(.text) refers to stm32f10x_gpio.o(.text) for GPIO_Init
    usart1.o(.text) refers to stm32f10x_rcc.o(.text) for RCC_APB2PeriphClockCmd
    usart1.o(.text) refers to stm32f10x_gpio.o(.text) for GPIO_Init
    usart1.o(.text) refers to stm32f10x_usart.o(.text) for USART_Init
    usart1.o(.text) refers to misc.o(.text) for NVIC_PriorityGroupConfig
    usart2.o(.text) refers to stm32f10x_rcc.o(.text) for RCC_APB2PeriphClockCmd
    usart2.o(.text) refers to stm32f10x_gpio.o(.text) for GPIO_Init
    usart2.o(.text) refers to stm32f10x_usart.o(.text) for USART_Init
    usart2.o(.text) refers to misc.o(.text) for NVIC_PriorityGroupConfig
    usart3.o(.text) refers to stm32f10x_rcc.o(.text) for RCC_APB2PeriphClockCmd
    usart3.o(.text) refers to stm32f10x_gpio.o(.text) for GPIO_Init
    usart3.o(.text) refers to stm32f10x_usart.o(.text) for USART_Init
    usart3.o(.text) refers to misc.o(.text) for NVIC_PriorityGroupConfig
    flash.o(.text) refers to stm32f10x_flash.o(.text) for FLASH_UnlockBank1
    esp8266.o(.text) refers to printf4.o(i.__0sprintf$4) for __2sprintf
    esp8266.o(.text) refers to usart1.o(.text) for USART1_SendString
    esp8266.o(.text) refers to strlen.o(.text) for strlen
    esp8266.o(.text) refers to flash.o(.text) for Flash_WriteDataToFlash
    esp8266.o(.text) refers to usart3.o(.text) for USART3_SendString
    esp8266.o(.text) refers to strstr.o(.text) for strstr
    esp8266.o(.text) refers to strcmp.o(.text) for strcmp
    esp8266.o(.text) refers to os_time.o(.text) for OSTimeDlyHMSM
    esp8266.o(.text) refers to esp8266.o(.constdata) for .constdata
    esp8266.o(.text) refers to app.o(.bss) for tempBufferForDebug
    esp8266.o(.text) refers to esp8266.o(.bss) for pServerData
    esp8266.o(.text) refers to app.o(.data) for g_chrpESP8266SN
    esp8266.o(.text) refers to esp8266.o(.data) for ServerDataStr
    esp8266.o(.text) refers to stm32f10x_it.o(.bss) for glb_msg1
    esp8266.o(.text) refers to memseta.o(.text) for __aeabi_memclr
    esp8266.o(.text) refers to stm32f10x_it.o(.data) for RxCounter1
    esp8266.o(.text) refers to strcpy.o(.text) for strcpy
    esp8266.o(.text) refers to os_core.o(.text) for OSSchedLock
    esp8266.o(.text) refers to ds18b20.o(.text) for Read_Temperature
    esp8266.o(.text) refers to crc16.o(.text) for crc16
    esp8266.o(.text) refers to ds18b20.o(.data) for theTemperature
    rs485.o(.text) refers to stm32f10x_gpio.o(.text) for GPIO_Init
    rs485.o(.text) refers to usart3.o(.text) for UART3SendByte
    rs485.o(.text) refers to crc16.o(.text) for crc16
    crc16.o(.text) refers to crc16.o(.constdata) for auchCRCHi
    iwdg.o(.text) refers to stm32f10x_iwdg.o(.text) for IWDG_WriteAccessCmd
    ds18b20.o(.text) refers to stm32f10x_rcc.o(.text) for RCC_APB2PeriphClockCmd
    ds18b20.o(.text) refers to stm32f10x_gpio.o(.text) for GPIO_Init
    ds18b20.o(.text) refers to os_time.o(.text) for OSTimeDlyHMSM
    ds18b20.o(.text) refers to ds18b20.o(.data) for presence
[...]
    printf0.o(i.__0snprintf$0) refers to printf0.o(i._snputc) for _snputc
    printf0.o(i.__0sprintf$0) refers to printf0.o(i._printf_core) for _printf_core
    printf0.o(i.__0sprintf$0) refers to printf0.o(i._sputc) for _sputc
    printf0.o(i.__0vfprintf$0) refers to printf0.o(i._printf_core) for _printf_core
    printf0.o(i.__0vfprintf$0) refers to fputc.o(i.fputc) for fputc
    printf0.o(i.__0vprintf$0) refers to printf0.o(i._printf_core) for _printf_core
    printf0.o(i.__0vprintf$0) refers to fputc.o(i.fputc) for fputc
    printf0.o(i.__0vprintf$0) refers to stdout.o(.data) for __stdout
    printf0.o(i.__0vsnprintf$0) refers to printf0.o(i._printf_core) for _printf_core
    printf0.o(i.__0vsnprintf$0) refers to printf0.o(i._snputc) for _snputc
    printf0.o(i.__0vsprintf$0) refers to printf0.o(i._printf_core) for _printf_core
    printf0.o(i.__0vsprintf$0) refers to printf0.o(i._sputc) for _sputc
    printf1.o(i.__0fprintf$1) refers to printf1.o(i._printf_core) for _printf_core
    printf1.o(i.__0fprintf$1) refers to fputc.o(i.fputc) for fputc
    printf1.o(i.__0printf$1) refers to printf1.o(i._printf_core) for _printf_core
    printf1.o(i.__0printf$1) refers to fputc.o(i.fputc) for fputc
    printf1.o(i.__0printf$1) refers to stdout.o(.data) for __stdout
    printf1.o(i.__0snprintf$1) refers to printf1.o(i._printf_core) for _printf_core
    printf1.o(i.__0snprintf$1) refers to printf1.o(i._snputc) for _snputc
    printf1.o(i.__0sprintf$1) refers to printf1.o(i._printf_core) for _printf_core
    printf1.o(i.__0sprintf$1) refers to printf1.o(i._sputc) for _sputc
    printf1.o(i.__0vfprintf$1) refers to printf1.o(i._printf_core) for _printf_core
    printf1.o(i.__0vfprintf$1) refers to fputc.o(i.fputc) for fputc
    printf1.o(i.__0vprintf$1) refers to printf1.o(i._printf_core) for _printf_core
    printf1.o(i.__0vprintf$1) refers to fputc.o(i.fputc) for fputc
    printf1.o(i.__0vprintf$1) refers to stdout.o(.data) for __stdout
    printf1.o(i.__0vsnprintf$1) refers to printf1.o(i._printf_core) for _printf_core
    printf1.o(i.__0vsnprintf$1) refers to printf1.o(i._snputc) for _snputc
    printf1.o(i.__0vsprintf$1) refers to printf1.o(i._printf_core) for _printf_core
    printf1.o(i.__0vsprintf$1) refers to printf1.o(i._sputc) for _sputc
    printf1.o(i._printf_core) refers to uidiv.o(.text) for __aeabi_uidivmod
    printf2.o(i.__0fprintf$2) refers to printf2.o(i._printf_core) for _printf_core
    printf2.o(i.__0fprintf$2) refers to fputc.o(i.fputc) for fputc
    printf2.o(i.__0printf$2) refers to printf2.o(i._printf_core) for _printf_core
    printf2.o(i.__0printf$2) refers to fputc.o(i.fputc) for fputc
    printf2.o(i.__0printf$2) refers to stdout.o(.data) for __stdout
    printf2.o(i.__0snprintf$2) refers to printf2.o(i._printf_core) for _printf_core
    printf2.o(i.__0snprintf$2) refers to printf2.o(i._snputc) for _snputc
    printf2.o(i.__0sprintf$2) refers to printf2.o(i._printf_core) for _printf_core
    printf2.o(i.__0sprintf$2) refers to printf2.o(i._sputc) for _sputc
    printf2.o(i.__0vfprintf$2) refers to printf2.o(i._printf_core) for _printf_core
    printf2.o(i.__0vfprintf$2) refers to fputc.o(i.fputc) for fputc
    printf2.o(i.__0vprintf$2) refers to printf2.o(i._printf_core) for _printf_core
    printf2.o(i.__0vprintf$2) refers to fputc.o(i.fputc) for fputc
    printf2.o(i.__0vprintf$2) refers to stdout.o(.data) for __stdout
    printf2.o(i.__0vsnprintf$2) refers to printf2.o(i._printf_core) for _printf_core
    printf2.o(i.__0vsnprintf$2) refers to printf2.o(i._snputc) for _snputc
    printf2.o(i.__0vsprintf$2) refers to printf2.o(i._printf_core) for _printf_core
    printf2.o(i.__0vsprintf$2) refers to printf2.o(i._sputc) for _sputc
    printf3.o(i.__0fprintf$3) refers to printf3.o(i._printf_core) for _printf_core
    printf3.o(i.__0fprintf$3) refers to fputc.o(i.fputc) for fputc
    printf3.o(i.__0printf$3) refers to printf3.o(i._printf_core) for _printf_core
    printf3.o(i.__0printf$3) refers to fputc.o(i.fputc) for fputc
    printf3.o(i.__0printf$3) refers to stdout.o(.data) for __stdout
    printf3.o(i.__0snprintf$3) refers to printf3.o(i._printf_core) for _printf_core
    printf3.o(i.__0snprintf$3) refers to printf3.o(i._snputc) for _snputc
    printf3.o(i.__0sprintf$3) refers to printf3.o(i._printf_core) for _printf_core
    printf3.o(i.__0sprintf$3) refers to printf3.o(i._sputc) for _sputc
    printf3.o(i.__0vfprintf$3) refers to printf3.o(i._printf_core) for _printf_core
    printf3.o(i.__0vfprintf$3) refers to fputc.o(i.fputc) for fputc
    printf3.o(i.__0vprintf$3) refers to printf3.o(i._printf_core) for _printf_core
    printf3.o(i.__0vprintf$3) refers to fputc.o(i.fputc) for fputc
    printf3.o(i.__0vprintf$3) refers to stdout.o(.data) for __stdout
    printf3.o(i.__0vsnprintf$3) refers to printf3.o(i._printf_core) for _printf_core
    printf3.o(i.__0vsnprintf$3) refers to printf3.o(i._snputc) for _snputc
    printf3.o(i.__0vsprintf$3) refers to printf3.o(i._printf_core) for _printf_core
    printf3.o(i.__0vsprintf$3) refers to printf3.o(i._sputc) for _sputc
    printf3.o(i._printf_core) refers to uidiv.o(.text) for __aeabi_uidivmod
    printf4.o(i.__0fprintf$4) refers to printf4.o(i._printf_core) for _printf_core
    printf4.o(i.__0fprintf$4) refers to fputc.o(i.fputc) for fputc
    printf4.o(i.__0printf$4) refers to printf4.o(i._printf_core) for _printf_core
    printf4.o(i.__0printf$4) refers to fputc.o(i.fputc) for fputc
    printf4.o(i.__0printf$4) refers to stdout.o(.data) for __stdout
    printf4.o(i.__0snprintf$4) refers to printf4.o(i._printf_core) for _printf_core
    printf4.o(i.__0snprintf$4) refers to printf4.o(i._snputc) for _snputc
    printf4.o(i.__0sprintf$4) refers to printf4.o(i._printf_core) for _printf_core
    printf4.o(i.__0sprintf$4) refers to printf4.o(i._sputc) for _sputc
    printf4.o(i.__0vfprintf$4) refers to printf4.o(i._printf_core) for _printf_core
    printf4.o(i.__0vfprintf$4) refers to fputc.o(i.fputc) for fputc
    printf4.o(i.__0vprintf$4) refers to printf4.o(i._printf_core) for _printf_core
    printf4.o(i.__0vprintf$4) refers to fputc.o(i.fputc) for fputc
    printf4.o(i.__0vprintf$4) refers to stdout.o(.data) for __stdout
    printf4.o(i.__0vsnprintf$4) refers to printf4.o(i._printf_core) for _printf_core
    printf4.o(i.__0vsnprintf$4) refers to printf4.o(i._snputc) for _snputc
    printf4.o(i.__0vsprintf$4) refers to printf4.o(i._printf_core) for _printf_core
    printf4.o(i.__0vsprintf$4) refers to printf4.o(i._sputc) for _sputc
    printf4.o(i._printf_core) refers to uldiv.o(.text) for __aeabi_uldivmod
    printf5.o(i.__0fprintf$5) refers to printf5.o(i._printf_core) for _printf_core
    printf5.o(i.__0fprintf$5) refers to fputc.o(i.fputc) for fputc
    printf5.o(i.__0printf$5) refers to printf5.o(i._printf_core) for _printf_core
    printf5.o(i.__0printf$5) refers to fputc.o(i.fputc) for fputc
    printf5.o(i.__0printf$5) refers to stdout.o(.data) for __stdout
    printf5.o(i.__0snprintf$5) refers to printf5.o(i._printf_core) for _printf_core
    printf5.o(i.__0snprintf$5) refers to printf5.o(i._snputc) for _snputc
    printf5.o(i.__0sprintf$5) refers to printf5.o(i._printf_core) for _printf_core
    printf5.o(i.__0sprintf$5) refers to printf5.o(i._sputc) for _sputc
    printf5.o(i.__0vfprintf$5) refers to printf5.o(i._printf_core) for _printf_core
    printf5.o(i.__0vfprintf$5) refers to fputc.o(i.fputc) for fputc
    printf5.o(i.__0vprintf$5) refers to printf5.o(i._printf_core) for _printf_core
    printf5.o(i.__0vprintf$5) refers to fputc.o(i.fputc) for fputc
    printf5.o(i.__0vprintf$5) refers to stdout.o(.data) for __stdout
    printf5.o(i.__0vsnprintf$5) refers to printf5.o(i._printf_core) for _printf_core
    printf5.o(i.__0vsnprintf$5) refers to printf5.o(i._snputc) for _snputc
    printf5.o(i.__0vsprintf$5) refers to printf5.o(i._printf_core) for _printf_core
    printf5.o(i.__0vsprintf$5) refers to printf5.o(i._sputc) for _sputc
    printf5.o(i._printf_core) refers to uldiv.o(.text) for __aeabi_uldivmod
    printf6.o(i.__0fprintf$6) refers to printf6.o(i._printf_core) for _printf_core
    printf6.o(i.__0fprintf$6) refers to fputc.o(i.fputc) for fputc
    printf6.o(i.__0printf$6) refers to printf6.o(i._printf_core) for _printf_core
    printf6.o(i.__0printf$6) refers to fputc.o(i.fputc) for fputc
    printf6.o(i.__0printf$6) refers to stdout.o(.data) for __stdout
    printf6.o(i.__0snprintf$6) refers to printf6.o(i._printf_core) for _printf_core
    printf6.o(i.__0snprintf$6) refers to printf6.o(i._snputc) for _snputc
    printf6.o(i.__0sprintf$6) refers to printf6.o(i._printf_core) for _printf_core
    printf6.o(i.__0sprintf$6) refers to printf6.o(i._sputc) for _sputc
    printf6.o(i.__0vfprintf$6) refers to printf6.o(i._printf_core) for _printf_core
    printf6.o(i.__0vfprintf$6) refers to fputc.o(i.fputc) for fputc
    printf6.o(i.__0vprintf$6) refers to printf6.o(i._printf_core) for _printf_core
    printf6.o(i.__0vprintf$6) refers to fputc.o(i.fputc) for fputc
    printf6.o(i.__0vprintf$6) refers to stdout.o(.data) for __stdout
    printf6.o(i.__0vsnprintf$6) refers to printf6.o(i._printf_core) for _printf_core
    printf6.o(i.__0vsnprintf$6) refers to printf6.o(i._snputc) for _snputc
    printf6.o(i.__0vsprintf$6) refers to printf6.o(i._printf_core) for _printf_core
    printf6.o(i.__0vsprintf$6) refers to printf6.o(i._sputc) for _sputc
    printf6.o(i._printf_core) refers to printf6.o(i._printf_pre_padding) for _printf_pre_padding
    printf6.o(i._printf_core) refers to uidiv.o(.text) for __aeabi_uidivmod
    printf6.o(i._printf_core) refers to printf6.o(i._printf_post_padding) for _printf_post_padding
    printf7.o(i.__0fprintf$7) refers to printf7.o(i._printf_core) for _printf_core
    printf7.o(i.__0fprintf$7) refers to fputc.o(i.fputc) for fputc
    printf7.o(i.__0printf$7) refers to printf7.o(i._printf_core) for _printf_core
    printf7.o(i.__0printf$7) refers to fputc.o(i.fputc) for fputc
    printf7.o(i.__0printf$7) refers to stdout.o(.data) for __stdout
    printf7.o(i.__0snprintf$7) refers to printf7.o(i._printf_core) for _printf_core
    printf7.o(i.__0snprintf$7) refers to printf7.o(i._snputc) for _snputc
    printf7.o(i.__0sprintf$7) refers to printf7.o(i._printf_core) for _printf_core
    printf7.o(i.__0sprintf$7) refers to printf7.o(i._sputc) for _sputc
    printf7.o(i.__0vfprintf$7) refers to printf7.o(i._printf_core) for _printf_core
    printf7.o(i.__0vfprintf$7) refers to fputc.o(i.fputc) for fputc
    printf7.o(i.__0vprintf$7) refers to printf7.o(i._printf_core) for _printf_core
    printf7.o(i.__0vprintf$7) refers to fputc.o(i.fputc) for fputc
    printf7.o(i.__0vprintf$7) refers to stdout.o(.data) for __stdout
    printf7.o(i.__0vsnprintf$7) refers to printf7.o(i._printf_core) for _printf_core
    printf7.o(i.__0vsnprintf$7) refers to printf7.o(i._snputc) for _snputc
    printf7.o(i.__0vsprintf$7) refers to printf7.o(i._printf_core) for _printf_core
    printf7.o(i.__0vsprintf$7) refers to printf7.o(i._sputc) for _sputc
    printf7.o(i._printf_core) refers to printf7.o(i._printf_pre_padding) for _printf_pre_padding
    printf7.o(i._printf_core) refers to uldiv.o(.text) for __aeabi_uldivmod
    printf7.o(i._printf_core) refers to printf7.o(i._printf_post_padding) for _printf_post_padding
    printf8.o(i.__0fprintf$8) refers to printf8.o(i._printf_core) for _printf_core
    printf8.o(i.__0fprintf$8) refers to fputc.o(i.fputc) for fputc
    printf8.o(i.__0printf$8) refers to printf8.o(i._printf_core) for _printf_core
    printf8.o(i.__0printf$8) refers to fputc.o(i.fputc) for fputc
    printf8.o(i.__0printf$8) refers to stdout.o(.data) for __stdout
    printf8.o(i.__0snprintf$8) refers to printf8.o(i._printf_core) for _printf_core
    printf8.o(i.__0snprintf$8) refers to printf8.o(i._snputc) for _snputc
    printf8.o(i.__0sprintf$8) refers to printf8.o(i._printf_core) for _printf_core
    printf8.o(i.__0sprintf$8) refers to printf8.o(i._sputc) for _sputc
    printf8.o(i.__0vfprintf$8) refers to printf8.o(i._printf_core) for _printf_core
    printf8.o(i.__0vfprintf$8) refers to fputc.o(i.fputc) for fputc
    printf8.o(i.__0vprintf$8) refers to printf8.o(i._printf_core) for _printf_core
    printf8.o(i.__0vprintf$8) refers to fputc.o(i.fputc) for fputc
    printf8.o(i.__0vprintf$8) refers to stdout.o(.data) for __stdout
    printf8.o(i.__0vsnprintf$8) refers to printf8.o(i._printf_core) for _printf_core
    printf8.o(i.__0vsnprintf$8) refers to printf8.o(i._snputc) for _snputc
    printf8.o(i.__0vsprintf$8) refers to printf8.o(i._printf_core) for _printf_core
    printf8.o(i.__0vsprintf$8) refers to printf8.o(i._sputc) for _sputc
    printf8.o(i._printf_core) refers to printf8.o(i._printf_pre_padding) for _printf_pre_padding
    printf8.o(i._printf_core) refers to uldiv.o(.text) for __aeabi_uldivmod
    printf8.o(i._printf_core) refers to printf8.o(i._printf_post_padding) for _printf_post_padding
    printfa.o(i.__0fprintf) refers (Special) to iusefp.o(.text) for __I$use$fp
    printfa.o(i.__0fprintf) refers to printfa.o(i._printf_core) for _printf_core
    printfa.o(i.__0fprintf) refers to fputc.o(i.fputc) for fputc
    printfa.o(i.__0printf) refers (Special) to iusefp.o(.text) for __I$use$fp
    printfa.o(i.__0printf) refers to printfa.o(i._printf_core) for _printf_core
    printfa.o(i.__0printf) refers to fputc.o(i.fputc) for fputc
    printfa.o(i.__0printf) refers to stdout.o(.data) for __stdout
    printfa.o(i.__0snprintf) refers (Special) to iusefp.o(.text) for __I$use$fp
    printfa.o(i.__0snprintf) refers to printfa.o(i._printf_core) for _printf_core
    printfa.o(i.__0snprintf) refers to printfa.o(i._snputc) for _snputc
    printfa.o(i.__0sprintf) refers (Special) to iusefp.o(.text) for __I$use$fp
    printfa.o(i.__0sprintf) refers to printfa.o(i._printf_core) for _printf_core
    printfa.o(i.__0sprintf) refers to printfa.o(i._sputc) for _sputc
    printfa.o(i.__0vfprintf) refers (Special) to iusefp.o(.text) for __I$use$fp
    printfa.o(i.__0vfprintf) refers to printfa.o(i._printf_core) for _printf_core
    printfa.o(i.__0vfprintf) refers to fputc.o(i.fputc) for fputc
    printfa.o(i.__0vprintf) refers (Special) to iusefp.o(.text) for __I$use$fp
    printfa.o(i.__0vprintf) refers to printfa.o(i._printf_core) for _printf_core
    printfa.o(i.__0vprintf) refers to fputc.o(i.fputc) for fputc
    printfa.o(i.__0vprintf) refers to stdout.o(.data) for __stdout
    printfa.o(i.__0vsnprintf) refers (Special) to iusefp.o(.text) for __I$use$fp
    printfa.o(i.__0vsnprintf) refers to printfa.o(i._printf_core) for _printf_core
    printfa.o(i.__0vsnprintf) refers to printfa.o(i._snputc) for _snputc
    printfa.o(i.__0vsprintf) refers (Special) to iusefp.o(.text) for __I$use$fp
    printfa.o(i.__0vsprintf) refers to printfa.o(i._printf_core) for _printf_core
    printfa.o(i.__0vsprintf) refers to printfa.o(i._sputc) for _sputc
    printfa.o(i._fp_digits) refers (Special) to iusefp.o(.text) for __I$use$fp
    printfa.o(i._fp_digits) refers to dmul.o(.text) for __aeabi_dmul
    printfa.o(i._fp_digits) refers to ddiv.o(.text) for __aeabi_ddiv
    printfa.o(i._fp_digits) refers to cdrcmple.o(.text) for __aeabi_cdrcmple
    printfa.o(i._fp_digits) refers to dadd.o(.text) for __aeabi_dadd
    printfa.o(i._fp_digits) refers to dfixul.o(.text) for __aeabi_d2ulz
    printfa.o(i._fp_digits) refers to uldiv.o(.text) for __aeabi_uldivmod
    printfa.o(i._printf_core) refers (Special) to iusefp.o(.text) for __I$use$fp
    printfa.o(i._printf_core) refers to printfa.o(i._printf_pre_padding) for _printf_pre_padding
    printfa.o(i._printf_core) refers to uldiv.o(.text) for __aeabi_uldivmod
    printfa.o(i._printf_core) refers to printfa.o(i._printf_post_padding) for _printf_post_padding
    printfa.o(i._printf_core) refers to printfa.o(i._fp_digits) for _fp_digits
    printfa.o(i._printf_core) refers to uidiv.o(.text) for __aeabi_uidivmod
    printfa.o(i._printf_post_padding) refers (Special) to iusefp.o(.text) for __I$use$fp
    printfa.o(i._printf_pre_padding) refers (Special) to iusefp.o(.text) for __I$use$fp
    printfa.o(i._snputc) refers (Special) to iusefp.o(.text) for __I$use$fp
    printfa.o(i._sputc) refers (Special) to iusefp.o(.text) for __I$use$fp
    entry2.o(.ARM.Collect$$$$00000001) refers to entry2.o(.ARM.Collect$$$$00002712) for __lit__00000000
    entry2.o(.ARM.Collect$$$$00002712) refers to startup_stm32f10x_hd.o(STACK) for __initial_sp
    entry2.o(__vectab_stack_and_reset_area) refers to startup_stm32f10x_hd.o(STACK) for __initial_sp
    entry2.o(__vectab_stack_and_reset_area) refers to entry.o(.ARM.Collect$$$$00000000) for __main
    entry5.o(.ARM.Collect$$$$00000004) refers to init.o(.text) for __scatterload
    entry9a.o(.ARM.Collect$$$$0000000B) refers to main.o(.text) for main
    entry9b.o(.ARM.Collect$$$$0000000C) refers to main.o(.text) for main
    fputc.o(i.fputc) refers (Special) to iusesemip.o(.text) for __I$use$semihosting$fputc
    fputc.o(i.fputc) refers (Special) to semi.o(.text) for __semihosting_library_function
    uldiv.o(.text) refers to llushr.o(.text) for __aeabi_llsr
    uldiv.o(.text) refers to llshl.o(.text) for __aeabi_llsl
    dadd.o(.text) refers to llshl.o(.text) for __aeabi_llsl
    dadd.o(.text) refers to llsshr.o(.text) for __aeabi_lasr
    dadd.o(.text) refers to depilogue.o(.text) for _double_epilogue
    dmul.o(.text) refers to depilogue.o(.text) for _double_epilogue
    ddiv.o(.text) refers to depilogue.o(.text) for _double_round
    dfixul.o(.text) refers to llushr.o(.text) for __aeabi_llsr
    dfixul.o(.text) refers to llshl.o(.text) for __aeabi_llsl
    init.o(.text) refers to entry5.o(.ARM.Collect$$$$00000004) for __main_after_scatterload
    depilogue.o(.text) refers to llshl.o(.text) for __aeabi_llsl
    depilogue.o(.text) refers to llushr.o(.text) for __aeabi_llsr


==============================================================================

Removing Unused input sections from the image.

    Removing startup_stm32f10x_hd.o(HEAP), (0 bytes).
    Removing core_cm3.o(.emb_text), (32 bytes).
    Removing rs485.o(.text), (240 bytes).
    Removing rs485.o(.bss), (56 bytes).
    Removing rs485.o(.data), (41 bytes).
    Removing os_dbg.o(.constdata), (2 bytes).
    Removing dadd.o(.text), (334 bytes).
    Removing dmul.o(.text), (228 bytes).
    Removing ddiv.o(.text), (222 bytes).
    Removing dfixul.o(.text), (48 bytes).
    Removing cdrcmple.o(.text), (40 bytes).
    Removing depilogue.o(.text), (190 bytes).

12 unused section(s) (total 1433 bytes) removed from the image.

==============================================================================

Image Symbol Table

    Local Symbols

    Symbol Name                              Value     Ov Type        Size  Object(Section)

    ../clib/../cmprslib/zerorunl2.c          0x00000000   Number         0  __dczerorl2.o ABSOLUTE
    ../clib/microlib/division.c              0x00000000   Number         0  uidiv.o ABSOLUTE
    ../clib/microlib/division.c              0x00000000   Number         0  uldiv.o ABSOLUTE
    ../clib/microlib/init/entry.s            0x00000000   Number         0  entry.o ABSOLUTE
    ../clib/microlib/init/entry.s            0x00000000   Number         0  entry11b.o ABSOLUTE
    ../clib/microlib/init/entry.s            0x00000000   Number         0  entry11a.o ABSOLUTE
    ../clib/microlib/init/entry.s            0x00000000   Number         0  entry10a.o ABSOLUTE
    ../clib/microlib/init/entry.s            0x00000000   Number         0  entry10b.o ABSOLUTE
    ../clib/microlib/init/entry.s            0x00000000   Number         0  entry9b.o ABSOLUTE
    ../clib/microlib/init/entry.s            0x00000000   Number         0  entry9a.o ABSOLUTE
    ../clib/microlib/init/entry.s            0x00000000   Number         0  entry8b.o ABSOLUTE
    ../clib/microlib/init/entry.s            0x00000000   Number         0  entry8a.o ABSOLUTE
    ../clib/microlib/init/entry.s            0x00000000   Number         0  entry2.o ABSOLUTE
    ../clib/microlib/init/entry.s            0x00000000   Number         0  entry5.o ABSOLUTE
    ../clib/microlib/init/entry.s            0x00000000   Number         0  entry7a.o ABSOLUTE
    ../clib/microlib/init/entry.s            0x00000000   Number         0  entry7b.o ABSOLUTE
    ../clib/microlib/longlong.c              0x00000000   Number         0  llushr.o ABSOLUTE
    ../clib/microlib/longlong.c              0x00000000   Number         0  llshl.o ABSOLUTE
    ../clib/microlib/longlong.c              0x00000000   Number         0  llsshr.o ABSOLUTE
    ../clib/microlib/printf/printf.c         0x00000000   Number         0  printfa.o ABSOLUTE
    ../clib/microlib/printf/printf.c         0x00000000   Number         0  printf8.o ABSOLUTE
    ../clib/microlib/printf/printf.c         0x00000000   Number         0  printf7.o ABSOLUTE
    ../clib/microlib/printf/printf.c         0x00000000   Number         0  printf6.o ABSOLUTE
    ../clib/microlib/printf/printf.c         0x00000000   Number         0  printf5.o ABSOLUTE
    ../clib/microlib/printf/printf.c         0x00000000   Number         0  printf4.o ABSOLUTE
    ../clib/microlib/printf/printf.c         0x00000000   Number         0  printf3.o ABSOLUTE
    ../clib/microlib/printf/printf.c         0x00000000   Number         0  printf2.o ABSOLUTE
    ../clib/microlib/printf/printf.c         0x00000000   Number         0  printf1.o ABSOLUTE
    ../clib/microlib/printf/printf.c         0x00000000   Number         0  printf0.o ABSOLUTE
    ../clib/microlib/printf/printf.c         0x00000000   Number         0  printfb.o ABSOLUTE
    ../clib/microlib/printf/stubs.s          0x00000000   Number         0  stubs.o ABSOLUTE
    ../clib/microlib/stdio/fputc.c           0x00000000   Number         0  fputc.o ABSOLUTE
    ../clib/microlib/stdio/semi.s            0x00000000   Number         0  semi.o ABSOLUTE
    ../clib/microlib/stdio/streams.c         0x00000000   Number         0  stdout.o ABSOLUTE
    ../clib/microlib/string/memcpy.c         0x00000000   Number         0  memcpyb.o ABSOLUTE
    ../clib/microlib/string/memcpy.c         0x00000000   Number         0  memcpya.o ABSOLUTE
    ../clib/microlib/string/memset.c         0x00000000   Number         0  memseta.o ABSOLUTE
    ../clib/microlib/string/strcmp.c         0x00000000   Number         0  strcmp.o ABSOLUTE
    ../clib/microlib/string/strcpy.c         0x00000000   Number         0  strcpy.o ABSOLUTE
    ../clib/microlib/string/strlen.c         0x00000000   Number         0  strlen.o ABSOLUTE
    ../clib/microlib/string/strstr.c         0x00000000   Number         0  strstr.o ABSOLUTE
    ../clib/microlib/stubs.s                 0x00000000   Number         0  iusesemip.o ABSOLUTE
    ../clib/microlib/stubs.s                 0x00000000   Number         0  iusefp.o ABSOLUTE
    ../fplib/microlib/fpadd.c                0x00000000   Number         0  dadd.o ABSOLUTE
    ../fplib/microlib/fpdiv.c                0x00000000   Number         0  ddiv.o ABSOLUTE
    ../fplib/microlib/fpepilogue.c           0x00000000   Number         0  depilogue.o ABSOLUTE
    ../fplib/microlib/fpfix.c                0x00000000   Number         0  dfixul.o ABSOLUTE
    ../fplib/microlib/fpmul.c                0x00000000   Number         0  dmul.o ABSOLUTE
    ..\APP\app.c                             0x00000000   Number         0  app.o ABSOLUTE
    ..\BSP\BSP.c                             0x00000000   Number         0  bsp.o ABSOLUTE
    ..\BSP\DS18B20.c                         0x00000000   Number         0  ds18b20.o ABSOLUTE
    ..\BSP\Iwdg.c                            0x00000000   Number         0  iwdg.o ABSOLUTE
    ..\BSP\RS485.c                           0x00000000   Number         0  rs485.o ABSOLUTE
    ..\BSP\crc16.c                           0x00000000   Number         0  crc16.o ABSOLUTE
    ..\BSP\esp8266.c                         0x00000000   Number         0  esp8266.o ABSOLUTE
    ..\BSP\flash.c                           0x00000000   Number         0  flash.o ABSOLUTE
    ..\BSP\led.c                             0x00000000   Number         0  led.o ABSOLUTE
    ..\BSP\usart1.c                          0x00000000   Number         0  usart1.o ABSOLUTE
    ..\BSP\usart2.c                          0x00000000   Number         0  usart2.o ABSOLUTE
    ..\BSP\usart3.c                          0x00000000   Number         0  usart3.o ABSOLUTE
    ..\CMSIS\core_cm3.c                      0x00000000   Number         0  core_cm3.o ABSOLUTE
    ..\CMSIS\startup\startup_stm32f10x_hd.s  0x00000000   Number         0  startup_stm32f10x_hd.o ABSOLUTE
    ..\CMSIS\system_stm32f10x.c              0x00000000   Number         0  system_stm32f10x.o ABSOLUTE
    ..\FWlib\src\misc.c                      0x00000000   Number         0  misc.o ABSOLUTE
    ..\FWlib\src\stm32f10x_flash.c           0x00000000   Number         0  stm32f10x_flash.o ABSOLUTE
    ..\FWlib\src\stm32f10x_gpio.c            0x00000000   Number         0  stm32f10x_gpio.o ABSOLUTE
    ..\FWlib\src\stm32f10x_iwdg.c            0x00000000   Number         0  stm32f10x_iwdg.o ABSOLUTE
    ..\FWlib\src\stm32f10x_rcc.c             0x00000000   Number         0  stm32f10x_rcc.o ABSOLUTE
    ..\FWlib\src\stm32f10x_usart.c           0x00000000   Number         0  stm32f10x_usart.o ABSOLUTE
    ..\\CMSIS\\core_cm3.c                    0x00000000   Number         0  core_cm3.o ABSOLUTE
    ..\uCOS-II\Ports\os_cpu_a.asm            0x00000000   Number         0  os_cpu_a.o ABSOLUTE
    ..\uCOS-II\Ports\os_cpu_c.c              0x00000000   Number         0  os_cpu_c.o ABSOLUTE
    ..\uCOS-II\Ports\os_dbg.c                0x00000000   Number         0  os_dbg.o ABSOLUTE
    ..\uCOS-II\Source\os_core.c              0x00000000   Number         0  os_core.o ABSOLUTE
    ..\uCOS-II\Source\os_flag.c              0x00000000   Number         0  os_flag.o ABSOLUTE
    ..\uCOS-II\Source\os_mbox.c              0x00000000   Number         0  os_mbox.o ABSOLUTE
    ..\uCOS-II\Source\os_mem.c               0x00000000   Number         0  os_mem.o ABSOLUTE
    ..\uCOS-II\Source\os_mutex.c             0x00000000   Number         0  os_mutex.o ABSOLUTE
    ..\uCOS-II\Source\os_q.c                 0x00000000   Number         0  os_q.o ABSOLUTE
    ..\uCOS-II\Source\os_sem.c               0x00000000   Number         0  os_sem.o ABSOLUTE
    ..\uCOS-II\Source\os_task.c              0x00000000   Number         0  os_task.o ABSOLUTE
    ..\uCOS-II\Source\os_time.c              0x00000000   Number         0  os_time.o ABSOLUTE
    ..\uCOS-II\Source\os_tmr.c               0x00000000   Number         0  os_tmr.o ABSOLUTE
    cdrcmple.s                               0x00000000   Number         0  cdrcmple.o ABSOLUTE
    dc.s                                     0x00000000   Number         0  dc.o ABSOLUTE
    handlers.s                               0x00000000   Number         0  handlers.o ABSOLUTE
    init.s                                   0x00000000   Number         0  init.o ABSOLUTE
    main.c                                   0x00000000   Number         0  main.o ABSOLUTE
    stm32f10x_it.c                           0x00000000   Number         0  stm32f10x_it.o ABSOLUTE
    RESET                                    0x08000000   Section      304  startup_stm32f10x_hd.o(RESET)
    .ARM.Collect$$$$00000000                 0x08000130   Section        0  entry.o(.ARM.Collect$$$$00000000)
    .ARM.Collect$$$$00000001                 0x08000130   Section        4  entry2.o(.ARM.Collect$$$$00000001)
    .ARM.Collect$$$$00000004                 0x08000134   Section        4  entry5.o(.ARM.Collect$$$$00000004)
    .ARM.Collect$$$$00000008                 0x08000138   Section        0  entry7b.o(.ARM.Collect$$$$00000008)
    .ARM.Collect$$$$0000000A                 0x08000138   Section        0  entry8b.o(.ARM.Collect$$$$0000000A)
    .ARM.Collect$$$$0000000B                 0x08000138   Section        8  entry9a.o(.ARM.Collect$$$$0000000B)
    .ARM.Collect$$$$0000000D                 0x08000140   Section        0  entry10a.o(.ARM.Collect$$$$0000000D)
    .ARM.Collect$$$$0000000F                 0x08000140   Section        0  entry11a.o(.ARM.Collect$$$$0000000F)
    .ARM.Collect$$$$00002712                 0x08000140   Section        4  entry2.o(.ARM.Collect$$$$00002712)
    __lit__00000000                          0x08000140   Data           4  entry2.o(.ARM.Collect$$$$00002712)
    .text                                    0x08000144   Section       48  startup_stm32f10x_hd.o(.text)
    .text                                    0x08000174   Section        0  main.o(.text)
    .text                                    0x080001b4   Section        0  stm32f10x_it.o(.text)
    .text                                    0x080002b4   Section        0  stm32f10x_gpio.o(.text)
    .text                                    0x080005e0   Section        0  stm32f10x_rcc.o(.text)
    .text                                    0x08000980   Section        0  stm32f10x_usart.o(.text)
    .text                                    0x08000cf0   Section        0  misc.o(.text)
    .text                                    0x08000dcc   Section        0  stm32f10x_flash.o(.text)
    .text                                    0x08001388   Section        0  stm32f10x_iwdg.o(.text)
    .text                                    0x080013c8   Section        0  system_stm32f10x.o(.text)
    SetSysClockTo72                          0x080013c9   Thumb Code   218  system_stm32f10x.o(.text)
    SetSysClock                              0x080014a3   Thumb Code     8  system_stm32f10x.o(.text)
    .text                                    0x08001500   Section        0  bsp.o(.text)
    .text                                    0x080015a8   Section        0  led.o(.text)
    .text                                    0x080015e0   Section        0  usart1.o(.text)
    .text                                    0x080016b4   Section        0  usart2.o(.text)
    .text                                    0x08001764   Section        0  usart3.o(.text)
    .text                                    0x080018b0   Section        0  flash.o(.text)
    .text                                    0x08001958   Section        0  esp8266.o(.text)
    ESP8266_Delay                            0x08001977   Thumb Code    26  esp8266.o(.text)
    .text                                    0x080030b0   Section        0  crc16.o(.text)
    .text                                    0x08003118   Section        0  iwdg.o(.text)
    .text                                    0x08003144   Section        0  ds18b20.o(.text)
    delayus                                  0x08003145   Thumb Code    28  ds18b20.o(.text)
    DS18B20_GPIO_Config                      0x08003161   Thumb Code    50  ds18b20.o(.text)
    DS18B20_GPIO_In                          0x08003193   Thumb Code    40  ds18b20.o(.text)
    DS18B20_GPIO_Out                         0x080031bb   Thumb Code    40  ds18b20.o(.text)
    Init_DS18B20                             0x080031e3   Thumb Code   120  ds18b20.o(.text)
    WriteOneChar                             0x0800325b   Thumb Code    80  ds18b20.o(.text)
    ReadOneChar                              0x080032ab   Thumb Code    84  ds18b20.o(.text)
    .text                                    0x08003468   Section        0  app.o(.text)
    .text                                    0x0800401c   Section        0  os_core.o(.text)
    OS_InitTaskIdle                          0x08004149   Thumb Code    54  os_core.o(.text)
    OS_InitEventList                         0x08004191   Thumb Code    70  os_core.o(.text)
    OS_InitTCBList                           0x080041d7   Thumb Code    86  os_core.o(.text)
    OS_InitRdyList                           0x0800422d   Thumb Code    46  os_core.o(.text)
    OS_InitMisc                              0x0800425b   Thumb Code    28  os_core.o(.text)
    OS_SchedNew                              0x080042b3   Thumb Code    26  os_core.o(.text)
    .text                                    0x080047c8   Section        0  os_mbox.o(.text)
    .text                                    0x08004bb8   Section        0  os_task.o(.text)
    .text                                    0x08004ea4   Section        0  os_time.o(.text)
    .text                                    0x08005034   Section      164  os_cpu_a.o(.text)
    .text                                    0x080050d8   Section        0  os_cpu_c.o(.text)
    .text                                    0x08005184   Section        0  memcpya.o(.text)
    .text                                    0x080051a8   Section        0  memseta.o(.text)
    .text                                    0x080051cc   Section        0  strstr.o(.text)
    .text                                    0x080051f0   Section        0  strlen.o(.text)
    .text                                    0x080051fe   Section        0  strcmp.o(.text)
    .text                                    0x0800521a   Section        0  strcpy.o(.text)
    .text                                    0x0800522c   Section        0  uldiv.o(.text)
    .text                                    0x08005290   Section       36  init.o(.text)
    .text                                    0x080052b4   Section        0  llshl.o(.text)
    .text                                    0x080052d2   Section        0  llushr.o(.text)
    .text                                    0x080052f2   Section        0  __dczerorl2.o(.text)
    i.__0sprintf$4                           0x08005350   Section        0  printf4.o(i.__0sprintf$4)
    i.__scatterload_copy                     0x08005378   Section       14  handlers.o(i.__scatterload_copy)
    i.__scatterload_null                     0x08005386   Section        2  handlers.o(i.__scatterload_null)
    i.__scatterload_zeroinit                 0x08005388   Section       14  handlers.o(i.__scatterload_zeroinit)
    i._printf_core                           0x08005398   Section        0  printf4.o(i._printf_core)
    _printf_core                             0x08005399   Thumb Code   548  printf4.o(i._printf_core)
    i._sputc                                 0x080055c0   Section        0  printf4.o(i._sputc)
    _sputc                                   0x080055c1   Thumb Code    10  printf4.o(i._sputc)
    .constdata                               0x080055cc   Section       20  system_stm32f10x.o(.constdata)
    .constdata                               0x080055e0   Section        5  esp8266.o(.constdata)
    .constdata                               0x080055e5   Section      512  crc16.o(.constdata)
    .constdata                               0x080057e8   Section       20  app.o(.constdata)
    .constdata                               0x080057fc   Section      256  os_core.o(.constdata)
    .data                                    0x20000000   Section       12  stm32f10x_it.o(.data)
    .data                                    0x2000000c   Section       20  stm32f10x_rcc.o(.data)
    APBAHBPrescTable                         0x2000000c   Data          16  stm32f10x_rcc.o(.data)
    ADCPrescTable                            0x2000001c   Data           4  stm32f10x_rcc.o(.data)
    .data                                    0x20000020   Section      226  esp8266.o(.data)
    g_chr10FuncInstru                        0x20000020   Data         100  esp8266.o(.data)
    .data                                    0x20000102   Section       28  ds18b20.o(.data)
    temp_data                                0x20000102   Data           2  ds18b20.o(.data)
    display                                  0x20000104   Data           5  ds18b20.o(.data)
    ditab                                    0x20000109   Data          16  ds18b20.o(.data)
    presence                                 0x2000011d   Data           1  ds18b20.o(.data)
    .data                                    0x20000120   Section      232  app.o(.data)
    g_uchrAPTimeCounter                      0x20000120   Data           4  app.o(.data)
    g_chrESP8266_ConnectNum                  0x2000017c   Data           1  app.o(.data)
    g_chrpESP8266CO_PRE                      0x200001aa   Data           8  app.o(.data)
    g_chrpESP8266SensorStatus                0x200001c2   Data          12  app.o(.data)
    g_chrpESP8266SensorStatus_PRE            0x200001ce   Data          12  app.o(.data)
    g_chrpESP8266VALVE_PRE                   0x200001e2   Data           8  app.o(.data)
    .data                                    0x20000208   Section       41  os_core.o(.data)
    .bss                                     0x20000234   Section      320  main.o(.bss)
    .bss                                     0x20000374   Section      300  stm32f10x_it.o(.bss)
    .bss                                     0x200004a0   Section       32  esp8266.o(.bss)
    .bss                                     0x200004c0   Section     1512  app.o(.bss)
    .bss                                     0x20000aa8   Section     1176  os_core.o(.bss)
    STACK                                    0x20000f40   Section      512  startup_stm32f10x_hd.o(STACK)

    Global Symbols

    Symbol Name                              Value     Ov Type        Size  Object(Section)

    BuildAttributes$$THM_ISAv4$P$D$K$B$S$PE$A:L22UL41UL21$X:L11$S22US41US21$IEEE1$IW$USESV6$~STKCKD$USESV7$~SHL$OSPACE$ROPI$EBA8$MICROLIB$REQ8$PRES8$EABIv2 0x00000000   Number         0  anon$$obj.o ABSOLUTE
    __ARM_use_no_argv                        0x00000000   Number         0  main.o ABSOLUTE
    _printf_a                                0x00000000   Number         0  stubs.o ABSOLUTE
    _printf_c                                0x00000000   Number         0  stubs.o ABSOLUTE
    _printf_charcount                        0x00000000   Number         0  stubs.o ABSOLUTE
    _printf_d                                0x00000000   Number         0  stubs.o ABSOLUTE
    _printf_e                                0x00000000   Number         0  stubs.o ABSOLUTE
    _printf_f                                0x00000000   Number         0  stubs.o ABSOLUTE
    _printf_flags                            0x00000000   Number         0  stubs.o ABSOLUTE
    _printf_fp_dec                           0x00000000   Number         0  stubs.o ABSOLUTE
    _printf_fp_hex                           0x00000000   Number         0  stubs.o ABSOLUTE
    _printf_g                                0x00000000   Number         0  stubs.o ABSOLUTE
    _printf_i                                0x00000000   Number         0  stubs.o ABSOLUTE
    _printf_int_dec                          0x00000000   Number         0  stubs.o ABSOLUTE
    _printf_l                                0x00000000   Number         0  stubs.o ABSOLUTE
    _printf_lc                               0x00000000   Number         0  stubs.o ABSOLUTE
    _printf_ll                               0x00000000   Number         0  stubs.o ABSOLUTE
    _printf_lld                              0x00000000   Number         0  stubs.o ABSOLUTE
    _printf_lli                              0x00000000   Number         0  stubs.o ABSOLUTE
    _printf_llo                              0x00000000   Number         0  stubs.o ABSOLUTE
    _printf_llu                              0x00000000   Number         0  stubs.o ABSOLUTE
    _printf_llx                              0x00000000   Number         0  stubs.o ABSOLUTE
    _printf_longlong_dec                     0x00000000   Number         0  stubs.o ABSOLUTE
    _printf_longlong_hex                     0x00000000   Number         0  stubs.o ABSOLUTE
    _printf_longlong_oct                     0x00000000   Number         0  stubs.o ABSOLUTE
    _printf_ls                               0x00000000   Number         0  stubs.o ABSOLUTE
    _printf_mbtowc                           0x00000000   Number         0  stubs.o ABSOLUTE
    _printf_n                                0x00000000   Number         0  stubs.o ABSOLUTE
    _printf_o                                0x00000000   Number         0  stubs.o ABSOLUTE
    _printf_p                                0x00000000   Number         0  stubs.o ABSOLUTE
    _printf_percent                          0x00000000   Number         0  stubs.o ABSOLUTE
    _printf_pre_padding                      0x00000000   Number         0  stubs.o ABSOLUTE
    _printf_return_value                     0x00000000   Number         0  stubs.o ABSOLUTE
    _printf_s                                0x00000000   Number         0  stubs.o ABSOLUTE
    _printf_sizespec                         0x00000000   Number         0  stubs.o ABSOLUTE
    _printf_str                              0x00000000   Number         0  stubs.o ABSOLUTE
    _printf_truncate_signed                  0x00000000   Number         0  stubs.o ABSOLUTE
    _printf_truncate_unsigned                0x00000000   Number         0  stubs.o ABSOLUTE
    _printf_u                                0x00000000   Number         0  stubs.o ABSOLUTE
    _printf_wc                               0x00000000   Number         0  stubs.o ABSOLUTE
    _printf_wctomb                           0x00000000   Number         0  stubs.o ABSOLUTE
    _printf_widthprec                        0x00000000   Number         0  stubs.o ABSOLUTE
    _printf_x                                0x00000000   Number         0  stubs.o ABSOLUTE
    __cpp_initialize__aeabi_                  - Undefined Weak Reference
    __cxa_finalize                            - Undefined Weak Reference
    _clock_init                               - Undefined Weak Reference
    _microlib_exit                            - Undefined Weak Reference
    __Vectors_Size                           0x00000130   Number         0  startup_stm32f10x_hd.o ABSOLUTE
    __Vectors                                0x08000000   Data           4  startup_stm32f10x_hd.o(RESET)
    __Vectors_End                            0x08000130   Data           0  startup_stm32f10x_hd.o(RESET)
    __main                                   0x08000131   Thumb Code     0  entry.o(.ARM.Collect$$$$00000000)
    _main_stk                                0x08000131   Thumb Code     0  entry2.o(.ARM.Collect$$$$00000001)
    _main_scatterload                        0x08000135   Thumb Code     0  entry5.o(.ARM.Collect$$$$00000004)
    __main_after_scatterload                 0x08000139   Thumb Code     0  entry5.o(.ARM.Collect$$$$00000004)
    _main_clock                              0x08000139   Thumb Code     0  entry7b.o(.ARM.Collect$$$$00000008)
    _main_cpp_init                           0x08000139   Thumb Code     0  entry8b.o(.ARM.Collect$$$$0000000A)
    _main_init                               0x08000139   Thumb Code     0  entry9a.o(.ARM.Collect$$$$0000000B)
    __rt_final_cpp                           0x08000141   Thumb Code     0  entry10a.o(.ARM.Collect$$$$0000000D)
    __rt_final_exit                          0x08000141   Thumb Code     0  entry11a.o(.ARM.Collect$$$$0000000F)
    SystemInit_ExtMemCtl                     0x08000145   Thumb Code     2  startup_stm32f10x_hd.o(.text)
    Reset_Handler                            0x08000147   Thumb Code    14  startup_stm32f10x_hd.o(.text)
    ADC1_2_IRQHandler                        0x08000167   Thumb Code     0  startup_stm32f10x_hd.o(.text)
    ADC3_IRQHandler                          0x08000167   Thumb Code     0  startup_stm32f10x_hd.o(.text)
    CAN1_RX1_IRQHandler                      0x08000167   Thumb Code     0  startup_stm32f10x_hd.o(.text)
    CAN1_SCE_IRQHandler                      0x08000167   Thumb Code     0  startup_stm32f10x_hd.o(.text)
    DMA1_Channel1_IRQHandler                 0x08000167   Thumb Code     0  startup_stm32f10x_hd.o(.text)
    DMA1_Channel2_IRQHandler                 0x08000167   Thumb Code     0  startup_stm32f10x_hd.o(.text)
    DMA1_Channel3_IRQHandler                 0x08000167   Thumb Code     0  startup_stm32f10x_hd.o(.text)
    DMA1_Channel4_IRQHandler                 0x08000167   Thumb Code     0  startup_stm32f10x_hd.o(.text)
    DMA1_Channel5_IRQHandler                 0x08000167   Thumb Code     0  startup_stm32f10x_hd.o(.text)
    DMA1_Channel6_IRQHandler                 0x08000167   Thumb Code     0  startup_stm32f10x_hd.o(.text)
    DMA1_Channel7_IRQHandler                 0x08000167   Thumb Code     0  startup_stm32f10x_hd.o(.text)
    DMA2_Channel1_IRQHandler                 0x08000167   Thumb Code     0  startup_stm32f10x_hd.o(.text)
    DMA2_Channel2_IRQHandler                 0x08000167   Thumb Code     0  startup_stm32f10x_hd.o(.text)
    DMA2_Channel3_IRQHandler                 0x08000167   Thumb Code     0  startup_stm32f10x_hd.o(.text)
    DMA2_Channel4_5_IRQHandler               0x08000167   Thumb Code     0  startup_stm32f10x_hd.o(.text)
    EXTI0_IRQHandler                         0x08000167   Thumb Code     0  startup_stm32f10x_hd.o(.text)
    EXTI15_10_IRQHandler                     0x08000167   Thumb Code     0  startup_stm32f10x_hd.o(.text)
    EXTI1_IRQHandler                         0x08000167   Thumb Code     0  startup_stm32f10x_hd.o(.text)
    EXTI2_IRQHandler                         0x08000167   Thumb Code     0  startup_stm32f10x_hd.o(.text)
    EXTI3_IRQHandler                         0x08000167   Thumb Code     0  startup_stm32f10x_hd.o(.text)
    EXTI4_IRQHandler                         0x08000167   Thumb Code     0  startup_stm32f10x_hd.o(.text)
    EXTI9_5_IRQHandler                       0x08000167   Thumb Code     0  startup_stm32f10x_hd.o(.text)
    FLASH_IRQHandler                         0x08000167   Thumb Code     0  startup_stm32f10x_hd.o(.text)
    FSMC_IRQHandler                          0x08000167   Thumb Code     0  startup_stm32f10x_hd.o(.text)
    I2C1_ER_IRQHandler                       0x08000167   Thumb Code     0  startup_stm32f10x_hd.o(.text)
    I2C1_EV_IRQHandler                       0x08000167   Thumb Code     0  startup_stm32f10x_hd.o(.text)
    I2C2_ER_IRQHandler                       0x08000167   Thumb Code     0  startup_stm32f10x_hd.o(.text)
    I2C2_EV_IRQHandler                       0x08000167   Thumb Code     0  startup_stm32f10x_hd.o(.text)
    PVD_IRQHandler                           0x08000167   Thumb Code     0  startup_stm32f10x_hd.o(.text)
    RCC_IRQHandler                           0x08000167   Thumb Code     0  startup_stm32f10x_hd.o(.text)
    RTCAlarm_IRQHandler                      0x08000167   Thumb Code     0  startup_stm32f10x_hd.o(.text)
    RTC_IRQHandler                           0x08000167   Thumb Code     0  startup_stm32f10x_hd.o(.text)
    SDIO_IRQHandler                          0x08000167   Thumb Code     0  startup_stm32f10x_hd.o(.text)
    SPI1_IRQHandler                          0x08000167   Thumb Code     0  startup_stm32f10x_hd.o(.text)
    SPI2_IRQHandler                          0x08000167   Thumb Code     0  startup_stm32f10x_hd.o(.text)
    SPI3_IRQHandler                          0x08000167   Thumb Code     0  startup_stm32f10x_hd.o(.text)
    TAMPER_IRQHandler                        0x08000167   Thumb Code     0  startup_stm32f10x_hd.o(.text)
    TIM1_BRK_IRQHandler                      0x08000167   Thumb Code     0  startup_stm32f10x_hd.o(.text)
    TIM1_CC_IRQHandler                       0x08000167   Thumb Code     0  startup_stm32f10x_hd.o(.text)
    TIM1_TRG_COM_IRQHandler                  0x08000167   Thumb Code     0  startup_stm32f10x_hd.o(.text)
    TIM1_UP_IRQHandler                       0x08000167   Thumb Code     0  startup_stm32f10x_hd.o(.text)
    TIM2_IRQHandler                          0x08000167   Thumb Code     0  startup_stm32f10x_hd.o(.text)
    TIM3_IRQHandler                          0x08000167   Thumb Code     0  startup_stm32f10x_hd.o(.text)
    TIM4_IRQHandler                          0x08000167   Thumb Code     0  startup_stm32f10x_hd.o(.text)
    TIM5_IRQHandler                          0x08000167   Thumb Code     0  startup_stm32f10x_hd.o(.text)
    TIM6_IRQHandler                          0x08000167   Thumb Code     0  startup_stm32f10x_hd.o(.text)
    TIM7_IRQHandler                          0x08000167   Thumb Code     0  startup_stm32f10x_hd.o(.text)
    TIM8_BRK_IRQHandler                      0x08000167   Thumb Code     0  startup_stm32f10x_hd.o(.text)
    TIM8_CC_IRQHandler                       0x08000167   Thumb Code     0  startup_stm32f10x_hd.o(.text)
    TIM8_TRG_COM_IRQHandler                  0x08000167   Thumb Code     0  startup_stm32f10x_hd.o(.text)
    TIM8_UP_IRQHandler                       0x08000167   Thumb Code     0  startup_stm32f10x_hd.o(.text)
    UART4_IRQHandler                         0x08000167   Thumb Code     0  startup_stm32f10x_hd.o(.text)
    UART5_IRQHandler                         0x08000167   Thumb Code     0  startup_stm32f10x_hd.o(.text)
    USBWakeUp_IRQHandler                     0x08000167   Thumb Code     0  startup_stm32f10x_hd.o(.text)
    USB_HP_CAN1_TX_IRQHandler                0x08000167   Thumb Code     0  startup_stm32f10x_hd.o(.text)
    USB_LP_CAN1_RX0_IRQHandler               0x08000167   Thumb Code     0  startup_stm32f10x_hd.o(.text)
    WWDG_IRQHandler                          0x08000167   Thumb Code     0  startup_stm32f10x_hd.o(.text)
    main                                     0x08000175   Thumb Code    52  main.o(.text)
    NMI_Handler                              0x080001b5   Thumb Code     2  stm32f10x_it.o(.text)
    HardFault_Handler                        0x080001b7   Thumb Code     4  stm32f10x_it.o(.text)
    MemManage_Handler                        0x080001bb   Thumb Code     4  stm32f10x_it.o(.text)
    BusFault_Handler                         0x080001bf   Thumb Code     4  stm32f10x_it.o(.text)
    UsageFault_Handler                       0x080001c3   Thumb Code     4  stm32f10x_it.o(.text)
    SVC_Handler                              0x080001c7   Thumb Code     2  stm32f10x_it.o(.text)
    DebugMon_Handler                         0x080001c9   Thumb Code     2  stm32f10x_it.o(.text)
    PendSV_Handler                           0x080001cb   Thumb Code     2  stm32f10x_it.o(.text)
    SysTick_Handler                          0x080001cd   Thumb Code    16  stm32f10x_it.o(.text)
    USART1_IRQHandler                        0x080001dd   Thumb Code    60  stm32f10x_it.o(.text)
    USART2_IRQHandler                        0x08000219   Thumb Code    60  stm32f10x_it.o(.text)
    USART3_IRQHandler                        0x08000255   Thumb Code    60  stm32f10x_it.o(.text)
    GPIO_DeInit                              0x080002b5   Thumb Code   188  stm32f10x_gpio.o(.text)
    GPIO_AFIODeInit                          0x08000371   Thumb Code    20  stm32f10x_gpio.o(.text)
    GPIO_Init                                0x08000385   Thumb Code   274  stm32f10x_gpio.o(.text)
    GPIO_StructInit                          0x08000497   Thumb Code    16  stm32f10x_gpio.o(.text)
    GPIO_ReadInputDataBit                    0x080004a7   Thumb Code    18  stm32f10x_gpio.o(.text)
    GPIO_ReadInputData                       0x080004b9   Thumb Code     8  stm32f10x_gpio.o(.text)
    GPIO_ReadOutputDataBit                   0x080004c1   Thumb Code    18  stm32f10x_gpio.o(.text)
    GPIO_ReadOutputData                      0x080004d3   Thumb Code     8  stm32f10x_gpio.o(.text)
    GPIO_SetBits                             0x080004db   Thumb Code     4  stm32f10x_gpio.o(.text)
    GPIO_ResetBits                           0x080004df   Thumb Code     4  stm32f10x_gpio.o(.text)
    GPIO_WriteBit                            0x080004e3   Thumb Code    10  stm32f10x_gpio.o(.text)
    GPIO_Write                               0x080004ed   Thumb Code     4  stm32f10x_gpio.o(.text)
    GPIO_PinLockConfig                       0x080004f1   Thumb Code    18  stm32f10x_gpio.o(.text)
    GPIO_EventOutputConfig                   0x08000503   Thumb Code    26  stm32f10x_gpio.o(.text)
    GPIO_EventOutputCmd                      0x0800051d   Thumb Code     6  stm32f10x_gpio.o(.text)
    GPIO_PinRemapConfig                      0x08000523   Thumb Code   106  stm32f10x_gpio.o(.text)
    GPIO_EXTILineConfig                      0x0800058d   Thumb Code    66  stm32f10x_gpio.o(.text)
    RCC_DeInit                               0x080005e1   Thumb Code    62  stm32f10x_rcc.o(.text)
    RCC_HSEConfig                            0x0800061f   Thumb Code    70  stm32f10x_rcc.o(.text)
    RCC_GetFlagStatus                        0x08000665   Thumb Code    56  stm32f10x_rcc.o(.text)
    RCC_WaitForHSEStartUp                    0x0800069d   Thumb Code    54  stm32f10x_rcc.o(.text)
    RCC_AdjustHSICalibrationValue            0x080006d3   Thumb Code    20  stm32f10x_rcc.o(.text)
    RCC_HSICmd                               0x080006e7   Thumb Code     6  stm32f10x_rcc.o(.text)
    RCC_PLLConfig                            0x080006ed   Thumb Code    24  stm32f10x_rcc.o(.text)
    RCC_PLLCmd                               0x08000705   Thumb Code     6  stm32f10x_rcc.o(.text)
    RCC_SYSCLKConfig                         0x0800070b   Thumb Code    18  stm32f10x_rcc.o(.text)
    RCC_GetSYSCLKSource                      0x0800071d   Thumb Code    10  stm32f10x_rcc.o(.text)
    RCC_HCLKConfig                           0x08000727   Thumb Code    18  stm32f10x_rcc.o(.text)
    RCC_PCLK1Config                          0x08000739   Thumb Code    18  stm32f10x_rcc.o(.text)
    RCC_PCLK2Config                          0x0800074b   Thumb Code    20  stm32f10x_rcc.o(.text)
    RCC_ITConfig                             0x0800075f   Thumb Code    26  stm32f10x_rcc.o(.text)
    RCC_USBCLKConfig                         0x08000779   Thumb Code     6  stm32f10x_rcc.o(.text)
    RCC_ADCCLKConfig                         0x0800077f   Thumb Code    18  stm32f10x_rcc.o(.text)
    RCC_LSEConfig                            0x08000791   Thumb Code    44  stm32f10x_rcc.o(.text)
    RCC_LSICmd                               0x080007bd   Thumb Code     6  stm32f10x_rcc.o(.text)
    RCC_RTCCLKConfig                         0x080007c3   Thumb Code    12  stm32f10x_rcc.o(.text)
    RCC_RTCCLKCmd                            0x080007cf   Thumb Code     8  stm32f10x_rcc.o(.text)
    RCC_GetClocksFreq                        0x080007d7   Thumb Code   192  stm32f10x_rcc.o(.text)
    RCC_AHBPeriphClockCmd                    0x08000897   Thumb Code    26  stm32f10x_rcc.o(.text)
    RCC_APB2PeriphClockCmd                   0x080008b1   Thumb Code    26  stm32f10x_rcc.o(.text)
    RCC_APB1PeriphClockCmd                   0x080008cb   Thumb Code    26  stm32f10x_rcc.o(.text)
    RCC_APB2PeriphResetCmd                   0x080008e5   Thumb Code    26  stm32f10x_rcc.o(.text)
    RCC_APB1PeriphResetCmd                   0x080008ff   Thumb Code    26  stm32f10x_rcc.o(.text)
    RCC_BackupResetCmd                       0x08000919   Thumb Code     8  stm32f10x_rcc.o(.text)
    RCC_ClockSecuritySystemCmd               0x08000921   Thumb Code     6  stm32f10x_rcc.o(.text)
    RCC_MCOConfig                            0x08000927   Thumb Code     6  stm32f10x_rcc.o(.text)
    RCC_ClearFlag                            0x0800092d   Thumb Code    14  stm32f10x_rcc.o(.text)
    RCC_GetITStatus                          0x0800093b   Thumb Code    20  stm32f10x_rcc.o(.text)
    RCC_ClearITPendingBit                    0x0800094f   Thumb Code     6  stm32f10x_rcc.o(.text)
    USART_DeInit                             0x08000981   Thumb Code   146  stm32f10x_usart.o(.text)
    USART_Init                               0x08000a13   Thumb Code   150  stm32f10x_usart.o(.text)
    USART_StructInit                         0x08000aa9   Thumb Code    24  stm32f10x_usart.o(.text)
    USART_ClockInit                          0x08000ac1   Thumb Code    34  stm32f10x_usart.o(.text)
    USART_ClockStructInit                    0x08000ae3   Thumb Code    12  stm32f10x_usart.o(.text)
    USART_Cmd                                0x08000aef   Thumb Code    24  stm32f10x_usart.o(.text)
    USART_ITConfig                           0x08000b07   Thumb Code    64  stm32f10x_usart.o(.text)
    USART_DMACmd                             0x08000b47   Thumb Code    18  stm32f10x_usart.o(.text)
    USART_SetAddress                         0x08000b59   Thumb Code    18  stm32f10x_usart.o(.text)
    USART_WakeUpConfig                       0x08000b6b   Thumb Code    18  stm32f10x_usart.o(.text)
    USART_ReceiverWakeUpCmd                  0x08000b7d   Thumb Code    24  stm32f10x_usart.o(.text)
    USART_LINBreakDetectLengthConfig         0x08000b95   Thumb Code    18  stm32f10x_usart.o(.text)
    USART_LINCmd                             0x08000ba7   Thumb Code    24  stm32f10x_usart.o(.text)
    USART_SendData                           0x08000bbf   Thumb Code     8  stm32f10x_usart.o(.text)
    USART_ReceiveData                        0x08000bc7   Thumb Code    10  stm32f10x_usart.o(.text)
    USART_SendBreak                          0x08000bd1   Thumb Code    10  stm32f10x_usart.o(.text)
    USART_SetGuardTime                       0x08000bdb   Thumb Code    16  stm32f10x_usart.o(.text)
    USART_SetPrescaler                       0x08000beb   Thumb Code    16  stm32f10x_usart.o(.text)
    USART_SmartCardCmd                       0x08000bfb   Thumb Code    24  stm32f10x_usart.o(.text)
    USART_SmartCardNACKCmd                   0x08000c13   Thumb Code    24  stm32f10x_usart.o(.text)
    USART_HalfDuplexCmd                      0x08000c2b   Thumb Code    24  stm32f10x_usart.o(.text)
    USART_IrDAConfig                         0x08000c43   Thumb Code    18  stm32f10x_usart.o(.text)
    USART_IrDACmd                            0x08000c55   Thumb Code    24  stm32f10x_usart.o(.text)
    USART_GetFlagStatus                      0x08000c6d   Thumb Code    18  stm32f10x_usart.o(.text)
    USART_ClearFlag                          0x08000c7f   Thumb Code     6  stm32f10x_usart.o(.text)
    USART_GetITStatus                        0x08000c85   Thumb Code    76  stm32f10x_usart.o(.text)
    USART_ClearITPendingBit                  0x08000cd1   Thumb Code    20  stm32f10x_usart.o(.text)
    NVIC_PriorityGroupConfig                 0x08000cf1   Thumb Code    10  misc.o(.text)
    NVIC_Init                                0x08000cfb   Thumb Code   102  misc.o(.text)
    NVIC_SetVectorTable                      0x08000d61   Thumb Code    14  misc.o(.text)
    NVIC_SystemLPConfig                      0x08000d6f   Thumb Code    34  misc.o(.text)
    SysTick_CLKSourceConfig                  0x08000d91   Thumb Code    40  misc.o(.text)
    FLASH_SetLatency                         0x08000dcd   Thumb Code    18  stm32f10x_flash.o(.text)
    FLASH_HalfCycleAccessCmd                 0x08000ddf   Thumb Code    22  stm32f10x_flash.o(.text)
    FLASH_PrefetchBufferCmd                  0x08000df5   Thumb Code    22  stm32f10x_flash.o(.text)
    FLASH_Unlock                             0x08000e0b   Thumb Code    12  stm32f10x_flash.o(.text)
    FLASH_UnlockBank1                        0x08000e17   Thumb Code    12  stm32f10x_flash.o(.text)
    FLASH_Lock                               0x08000e23   Thumb Code    14  stm32f10x_flash.o(.text)
    FLASH_LockBank1                          0x08000e31   Thumb Code    14  stm32f10x_flash.o(.text)
    FLASH_GetBank1Status                     0x08000e3f   Thumb Code    48  stm32f10x_flash.o(.text)
    FLASH_WaitForLastOperation               0x08000e6f   Thumb Code    38  stm32f10x_flash.o(.text)
    FLASH_ErasePage                          0x08000e95   Thumb Code    72  stm32f10x_flash.o(.text)
    FLASH_EraseAllPages                      0x08000edd   Thumb Code    68  stm32f10x_flash.o(.text)
    FLASH_WaitForLastBank1Operation          0x08000f21   Thumb Code    38  stm32f10x_flash.o(.text)
    FLASH_EraseAllBank1Pages                 0x08000f47   Thumb Code    68  stm32f10x_flash.o(.text)
    FLASH_GetReadOutProtectionStatus         0x08000f8b   Thumb Code    20  stm32f10x_flash.o(.text)
    FLASH_EraseOptionBytes                   0x08000f9f   Thumb Code   150  stm32f10x_flash.o(.text)
    FLASH_ProgramWord                        0x08001035   Thumb Code   102  stm32f10x_flash.o(.text)
    FLASH_ProgramHalfWord                    0x0800109b   Thumb Code    60  stm32f10x_flash.o(.text)
    FLASH_ProgramOptionByteData              0x080010d7   Thumb Code    72  stm32f10x_flash.o(.text)
    FLASH_EnableWriteProtection              0x0800111f   Thumb Code   200  stm32f10x_flash.o(.text)
    FLASH_ReadOutProtection                  0x080011e7   Thumb Code   156  stm32f10x_flash.o(.text)
    FLASH_UserOptionByteConfig               0x08001283   Thumb Code    88  stm32f10x_flash.o(.text)
    FLASH_GetUserOptionByte                  0x080012db   Thumb Code     8  stm32f10x_flash.o(.text)
    FLASH_GetWriteProtectionOptionByte       0x080012e3   Thumb Code     6  stm32f10x_flash.o(.text)
    FLASH_GetPrefetchBufferStatus            0x080012e9   Thumb Code    20  stm32f10x_flash.o(.text)
    FLASH_ITConfig                           0x080012fd   Thumb Code    26  stm32f10x_flash.o(.text)
    FLASH_GetFlagStatus                      0x08001317   Thumb Code    42  stm32f10x_flash.o(.text)
    FLASH_ClearFlag                          0x08001341   Thumb Code     6  stm32f10x_flash.o(.text)
    FLASH_GetStatus                          0x08001347   Thumb Code    48  stm32f10x_flash.o(.text)
    IWDG_WriteAccessCmd                      0x08001389   Thumb Code     6  stm32f10x_iwdg.o(.text)
    IWDG_SetPrescaler                        0x0800138f   Thumb Code     6  stm32f10x_iwdg.o(.text)
    IWDG_SetReload                           0x08001395   Thumb Code     6  stm32f10x_iwdg.o(.text)
    IWDG_ReloadCounter                       0x0800139b   Thumb Code    10  stm32f10x_iwdg.o(.text)
    IWDG_Enable                              0x080013a5   Thumb Code    10  stm32f10x_iwdg.o(.text)
    IWDG_GetFlagStatus                       0x080013af   Thumb Code    20  stm32f10x_iwdg.o(.text)
    SystemInit                               0x080014ab   Thumb Code    68  system_stm32f10x.o(.text)
    BSP_Init                                 0x08001501   Thumb Code    46  bsp.o(.text)
    SysTick_init                             0x0800152f   Thumb Code    84  bsp.o(.text)
    LED_GPIO_Config                          0x080015a9   Thumb Code    50  led.o(.text)
    USART1_Config                            0x080015e1   Thumb Code   126  usart1.o(.text)
    USART1_NVIC_Configuration                0x0800165f   Thumb Code    40  usart1.o(.text)
    USART1_SendString                        0x08001687   Thumb Code    38  usart1.o(.text)
    USART2_Config                            0x080016b5   Thumb Code   128  usart2.o(.text)
    USART2_NVIC_Configuration                0x08001735   Thumb Code    40  usart2.o(.text)
    USART3_Config                            0x08001765   Thumb Code   132  usart3.o(.text)
    UART3SendByte                            0x080017e9   Thumb Code    28  usart3.o(.text)
    UART3GetByte                             0x08001805   Thumb Code    30  usart3.o(.text)
    UART3Test                                0x08001823   Thumb Code    32  usart3.o(.text)
    UART3_SendBuffer                         0x08001843   Thumb Code    24  usart3.o(.text)
    USART3_NVIC_Configuration                0x0800185b   Thumb Code    40  usart3.o(.text)
    USART3_SendString                        0x08001883   Thumb Code    38  usart3.o(.text)
    Flash_WriteDataToFlash                   0x080018b1   Thumb Code   134  flash.o(.text)
    Flash_ReadDataFromFlash                  0x08001937   Thumb Code    30  flash.o(.text)
    ESP8266_NumToStr                         0x08001959   Thumb Code    30  esp8266.o(.text)
    ESP8266_Send                             0x08001991   Thumb Code    72  esp8266.o(.text)
    ESP8266_USARTSend                        0x080019d9   Thumb Code    12  esp8266.o(.text)
    ESP8266_SSIDandPW_SaveToFlash            0x080019e5   Thumb Code   230  esp8266.o(.text)
    ESP8266_SSIDandPW_ReadFromFlash          0x08001acb   Thumb Code   172  esp8266.o(.text)
    ESP8266_StrCpy                           0x08001b77   Thumb Code    28  esp8266.o(.text)
    ESP8266_CheckDataFromServer              0x08001b93   Thumb Code   408  esp8266.o(.text)
    ESP8266_CheckModuleLink                  0x08001d2b   Thumb Code   432  esp8266.o(.text)
    ESP8266_SetWorkMode                      0x08001edb   Thumb Code   198  esp8266.o(.text)
    ESP8266_LinkToRouter                     0x08001fa1   Thumb Code   202  esp8266.o(.text)
    ESP8266_LinkToServer                     0x0800206b   Thumb Code   276  esp8266.o(.text)
    ESP8266_CheckRouterLink                  0x0800217f   Thumb Code  1104  esp8266.o(.text)
    ESP8266_CheckServerLink                  0x080025cf   Thumb Code   306  esp8266.o(.text)
    ESP8266_SetAP                            0x08002701   Thumb Code  1284  esp8266.o(.text)
    ESP8266_RstModule                        0x08002c05   Thumb Code   148  esp8266.o(.text)
    ESP8266_MakeInstru_ToServer              0x08002c99   Thumb Code    48  esp8266.o(.text)
    ESP8266_Hex2Str                          0x08002cc9   Thumb Code    56  esp8266.o(.text)
    ESP8266_Hex2BinStr                       0x08002d01   Thumb Code    32  esp8266.o(.text)
    ESP8266_Str2Hex                          0x08002d21   Thumb Code    20  esp8266.o(.text)
    ESP8266_CompareValueOfCO                 0x08002d35   Thumb Code   274  esp8266.o(.text)
    ESP8266_Send10Instru                     0x08002e47   Thumb Code   618  esp8266.o(.text)
    crc16                                    0x080030b1   Thumb Code    48  crc16.o(.text)
    check_crc16                              0x080030e1   Thumb Code    48  crc16.o(.text)
    IWDG_Init                                0x08003119   Thumb Code    34  iwdg.o(.text)
    IWDG_Feed                                0x0800313b   Thumb Code     8  iwdg.o(.text)
    Read_Temperature                         0x080032ff   Thumb Code   112  ds18b20.o(.text)
    Deal_Temperature                         0x0800336f   Thumb Code   224  ds18b20.o(.text)
    Task_TEMP                                0x08003469   Thumb Code    66  app.o(.text)
    Task_ESP8266                             0x080034ab   Thumb Code  2266  app.o(.text)
    Task_ALARM                               0x08003d85   Thumb Code    56  app.o(.text)
    Task_Start                               0x08003dbd   Thumb Code   306  app.o(.text)
    OS_StrCopy                               0x0800401d   Thumb Code    28  os_core.o(.text)
    OSEventNameGet                           0x08004039   Thumb Code   100  os_core.o(.text)
    OS_StrLen                                0x0800409d   Thumb Code    20  os_core.o(.text)
    OSEventNameSet                           0x080040b1   Thumb Code   120  os_core.o(.text)
    OS_TaskIdle                              0x08004129   Thumb Code    32  os_core.o(.text)
    OS_MemClr                                0x0800417f   Thumb Code    18  os_core.o(.text)
    OSInit                                   0x08004277   Thumb Code    32  os_core.o(.text)
    OSIntEnter                               0x08004297   Thumb Code    28  os_core.o(.text)
    OSIntExit                                0x080042cd   Thumb Code   100  os_core.o(.text)
    OSSchedLock                              0x08004331   Thumb Code    50  os_core.o(.text)
    OS_Sched                                 0x08004363   Thumb Code    74  os_core.o(.text)
    OSSchedUnlock                            0x080043ad   Thumb Code    84  os_core.o(.text)
    OSStart                                  0x08004401   Thumb Code   144  os_core.o(.text)
    OSTimeTick                               0x08004491   Thumb Code   198  os_core.o(.text)
    OSVersion                                0x08004557   Thumb Code     6  os_core.o(.text)
    OS_EventTaskRemove                       0x0800455d   Thumb Code    42  os_core.o(.text)
    OS_EventTaskRdy                          0x08004587   Thumb Code   118  os_core.o(.text)
    OS_EventTaskWait                         0x080045fd   Thumb Code   112  os_core.o(.text)
    OS_EventWaitListInit                     0x0800466d   Thumb Code    28  os_core.o(.text)
    OS_MemCopy                               0x08004689   Thumb Code    20  os_core.o(.text)
    OS_TCBInit                               0x0800469d   Thumb Code   258  os_core.o(.text)
    OSMboxAccept                             0x080047c9   Thumb Code    38  os_mbox.o(.text)
    OSMboxCreate                             0x080047ef   Thumb Code    78  os_mbox.o(.text)
    OSMboxDel                                0x0800483d   Thumb Code   220  os_mbox.o(.text)
    OSMboxPend                               0x08004919   Thumb Code   250  os_mbox.o(.text)
    OSMboxPendAbort                          0x08004a13   Thumb Code   128  os_mbox.o(.text)
    OSMboxPost                               0x08004a93   Thumb Code    80  os_mbox.o(.text)
    OSMboxPostOpt                            0x08004ae3   Thumb Code   120  os_mbox.o(.text)
    OSMboxQuery                              0x08004b5b   Thumb Code    76  os_mbox.o(.text)
    OSTaskCreateExt                          0x08004bb9   Thumb Code   162  os_task.o(.text)
    OSTaskNameGet                            0x08004c5b   Thumb Code   116  os_task.o(.text)
    OSTaskNameSet                            0x08004ccf   Thumb Code   132  os_task.o(.text)
    OSTaskResume                             0x08004d53   Thumb Code   160  os_task.o(.text)
    OSTaskSuspend                            0x08004df3   Thumb Code   152  os_task.o(.text)
    OSTimeDly                                0x08004ea5   Thumb Code    96  os_time.o(.text)
    OSTimeDlyHMSM                            0x08004f05   Thumb Code   108  os_time.o(.text)
    OSTimeDlyResume                          0x08004f71   Thumb Code   176  os_time.o(.text)
    OS_CPU_SR_Save                           0x08005035   Thumb Code     0  os_cpu_a.o(.text)
    OS_CPU_SR_Restore                        0x0800503d   Thumb Code     0  os_cpu_a.o(.text)
    OSStartHighRdy                           0x08005043   Thumb Code     0  os_cpu_a.o(.text)
    OSCtxSw                                  0x08005063   Thumb Code     0  os_cpu_a.o(.text)
    OSIntCtxSw                               0x0800506d   Thumb Code     0  os_cpu_a.o(.text)
    OS_CPU_PendSVHandler                     0x08005077   Thumb Code     0  os_cpu_a.o(.text)
    OSInitHookBegin                          0x080050d9   Thumb Code     2  os_cpu_c.o(.text)
    OSInitHookEnd                            0x080050db   Thumb Code     2  os_cpu_c.o(.text)
    OSTaskCreateHook                         0x080050dd   Thumb Code     2  os_cpu_c.o(.text)
    OSTaskDelHook                            0x080050df   Thumb Code     2  os_cpu_c.o(.text)
    OSTaskIdleHook                           0x080050e1   Thumb Code     2  os_cpu_c.o(.text)
    OSTaskStatHook                           0x080050e3   Thumb Code     2  os_cpu_c.o(.text)
    OSTaskStkInit                            0x080050e5   Thumb Code   154  os_cpu_c.o(.text)
    OSTaskSwHook                             0x0800517f   Thumb Code     2  os_cpu_c.o(.text)
    OSTCBInitHook                            0x08005181   Thumb Code     2  os_cpu_c.o(.text)
    OSTimeTickHook                           0x08005183   Thumb Code     2  os_cpu_c.o(.text)
    __aeabi_memcpy                           0x08005185   Thumb Code    36  memcpya.o(.text)
    __aeabi_memcpy4                          0x08005185   Thumb Code     0  memcpya.o(.text)
    __aeabi_memcpy8                          0x08005185   Thumb Code     0  memcpya.o(.text)
    __aeabi_memset                           0x080051a9   Thumb Code    14  memseta.o(.text)
    __aeabi_memset4                          0x080051a9   Thumb Code     0  memseta.o(.text)
    __aeabi_memset8                          0x080051a9   Thumb Code     0  memseta.o(.text)
    __aeabi_memclr                           0x080051b7   Thumb Code     4  memseta.o(.text)
    __aeabi_memclr4                          0x080051b7   Thumb Code     0  memseta.o(.text)
    __aeabi_memclr8                          0x080051b7   Thumb Code     0  memseta.o(.text)
    _memset$wrapper                          0x080051bb   Thumb Code    18  memseta.o(.text)
    strstr                                   0x080051cd   Thumb Code    36  strstr.o(.text)
    strlen                                   0x080051f1   Thumb Code    14  strlen.o(.text)
    strcmp                                   0x080051ff   Thumb Code    28  strcmp.o(.text)
    strcpy                                   0x0800521b   Thumb Code    18  strcpy.o(.text)
    __aeabi_uldivmod                         0x0800522d   Thumb Code    98  uldiv.o(.text)
    __scatterload                            0x08005291   Thumb Code    28  init.o(.text)
    __scatterload_rt2                        0x08005291   Thumb Code     0  init.o(.text)
    __aeabi_llsl                             0x080052b5   Thumb Code    30  llshl.o(.text)
    _ll_shift_l                              0x080052b5   Thumb Code     0  llshl.o(.text)
    __aeabi_llsr                             0x080052d3   Thumb Code    32  llushr.o(.text)
    _ll_ushift_r                             0x080052d3   Thumb Code     0  llushr.o(.text)
    __decompress                             0x080052f3   Thumb Code     0  __dczerorl2.o(.text)
    __decompress1                            0x080052f3   Thumb Code    92  __dczerorl2.o(.text)
    __0sprintf$4                             0x08005351   Thumb Code    34  printf4.o(i.__0sprintf$4)
    __1sprintf$4                             0x08005351   Thumb Code     0  printf4.o(i.__0sprintf$4)
    __2sprintf                               0x08005351   Thumb Code     0  printf4.o(i.__0sprintf$4)
    __scatterload_copy                       0x08005379   Thumb Code    14  handlers.o(i.__scatterload_copy)
    __scatterload_null                       0x08005387   Thumb Code     2  handlers.o(i.__scatterload_null)
    __scatterload_zeroinit                   0x08005389   Thumb Code    14  handlers.o(i.__scatterload_zeroinit)
    SystemFrequency                          0x080055cc   Data           4  system_stm32f10x.o(.constdata)
    SystemFrequency_SysClk                   0x080055d0   Data           4  system_stm32f10x.o(.constdata)
    SystemFrequency_AHBClk                   0x080055d4   Data           4  system_stm32f10x.o(.constdata)
    SystemFrequency_APB1Clk                  0x080055d8   Data           4  system_stm32f10x.o(.constdata)
    SystemFrequency_APB2Clk                  0x080055dc   Data           4  system_stm32f10x.o(.constdata)
    auchCRCHi                                0x080055e5   Data         256  crc16.o(.constdata)
    auchCRCLo                                0x080056e5   Data         256  crc16.o(.constdata)
    OSUnMapTbl                               0x080057fc   Data         256  os_core.o(.constdata)
    Region$$Table$$Base                      0x080058fc   Number         0  anon$$obj.o(Region$$Table)
    Region$$Table$$Limit                     0x0800591c   Number         0  anon$$obj.o(Region$$Table)
    RxCounter1                               0x20000000   Data           4  stm32f10x_it.o(.data)
    RxCounter2                               0x20000004   Data           4  stm32f10x_it.o(.data)
    RxCounter3                               0x20000008   Data           4  stm32f10x_it.o(.data)
    gchrEsp8266IsConnectModule               0x20000084   Data           1  esp8266.o(.data)
    gchrEsp8266IsConnectRouter               0x20000085   Data           1  esp8266.o(.data)
    gchrEsp8266IsConnectServer               0x20000086   Data           1  esp8266.o(.data)
    pOk                                      0x20000088   Data           4  esp8266.o(.data)
    pBusy                                    0x2000008c   Data           4  esp8266.o(.data)
    pError                                   0x20000090   Data           4  esp8266.o(.data)
    pNo                                      0x20000094   Data           4  esp8266.o(.data)
    pSSID                                    0x20000098   Data           4  esp8266.o(.data)
    pPassword                                0x2000009c   Data           4  esp8266.o(.data)
    pConnect                                 0x200000a0   Data           4  esp8266.o(.data)
    pClosed                                  0x200000a4   Data           4  esp8266.o(.data)
    pALREADY                                 0x200000a8   Data           4  esp8266.o(.data)
    APDataStr                                0x200000ac   Data          40  esp8266.o(.data)
    ServerDataStr                            0x200000d4   Data          45  esp8266.o(.data)
    guchrEsp8266Model                        0x20000101   Data           1  esp8266.o(.data)
    theTemperature                           0x20000119   Data           4  ds18b20.o(.data)
    g_chr03FuncInstru                        0x20000124   Data           8  app.o(.data)
    g_chrpSSID                               0x2000012c   Data          40  app.o(.data)
    g_chrpRouterPW                           0x20000154   Data          40  app.o(.data)
    g_chrLedMode                             0x2000017d   Data           1  app.o(.data)
    g_chr10InstruWriteOK_flag                0x2000017e   Data           1  app.o(.data)
    g_chrpESP8266SN                          0x2000017f   Data          35  app.o(.data)
    g_chrpESP8266CO                          0x200001a2   Data           8  app.o(.data)
    g_chrpESP8266TEMP                        0x200001b2   Data           8  app.o(.data)
    g_chrpESP8266TEMP_PRE                    0x200001ba   Data           8  app.o(.data)
    g_chrpESP8266VALVE                       0x200001da   Data           8  app.o(.data)
    g_chrpESP8266SetTime                     0x200001ea   Data          20  app.o(.data)
    g_chrSetValve                            0x200001fe   Data           1  app.o(.data)
    Str_Box_toALARM                          0x20000200   Data           4  app.o(.data)
    Str_Box_toESP8266                        0x20000204   Data           4  app.o(.data)
    OSCtxSwCtr                               0x20000208   Data           4  os_core.o(.data)
    OSEventFreeList                          0x2000020c   Data           4  os_core.o(.data)
    OSIntNesting                             0x20000210   Data           1  os_core.o(.data)
    OSLockNesting                            0x20000211   Data           1  os_core.o(.data)
    OSPrioCur                                0x20000212   Data           1  os_core.o(.data)
    OSPrioHighRdy                            0x20000213   Data           1  os_core.o(.data)
    OSRdyGrp                                 0x20000214   Data           1  os_core.o(.data)
    OSRdyTbl                                 0x20000215   Data           4  os_core.o(.data)
    OSRunning                                0x20000219   Data           1  os_core.o(.data)
    OSTaskCtr                                0x2000021a   Data           1  os_core.o(.data)
    OSIdleCtr                                0x2000021c   Data           4  os_core.o(.data)
    OSTCBCur                                 0x20000220   Data           4  os_core.o(.data)
    OSTCBFreeList                            0x20000224   Data           4  os_core.o(.data)
    OSTCBHighRdy                             0x20000228   Data           4  os_core.o(.data)
    OSTCBList                                0x2000022c   Data           4  os_core.o(.data)
    OSTickStepState                          0x20000230   Data           1  os_core.o(.data)
    startup_task_stk                         0x20000234   Data         320  main.o(.bss)
    glb_msg1                                 0x20000374   Data         200  stm32f10x_it.o(.bss)
    glb_msg2                                 0x2000043c   Data          50  stm32f10x_it.o(.bss)
    glb_msg3                                 0x2000046e   Data          50  stm32f10x_it.o(.bss)
    pAPData                                  0x200004a0   Data          20  esp8266.o(.bss)
    pServerData                              0x200004b4   Data          12  esp8266.o(.bss)
    tempBufferForDebug                       0x200004c0   Data         250  app.o(.bss)
    tempBufferForMBox                        0x200005ba   Data         100  app.o(.bss)
    g_chrpESP8266InstruToServer              0x2000061e   Data         100  app.o(.bss)
    g_chrp8266ToAlarm                        0x20000682   Data         100  app.o(.bss)
    task_ALARM_stk                           0x200006e8   Data         320  app.o(.bss)
    task_ESP8266_stk                         0x20000828   Data         320  app.o(.bss)
    task_TEMP_stk                            0x20000968   Data         320  app.o(.bss)
    OSEventTbl                               0x20000aa8   Data         280  os_core.o(.bss)
    OSTaskIdleStk                            0x20000bc0   Data         192  os_core.o(.bss)
    OSTCBPrioTbl                             0x20000c80   Data         128  os_core.o(.bss)
    OSTCBTbl                                 0x20000d00   Data         576  os_core.o(.bss)
    __initial_sp                             0x20001140   Data           0  startup_stm32f10x_hd.o(STACK)



==============================================================================

Memory Map of the image

  Image Entry point : 0x08000147

  Load Region LR_1 (Base: 0x08000000, Size: 0x00005b50, Max: 0xffffffff, ABSOLUTE, COMPRESSED[0x000059d8])

    Execution Region ER_RO (Base: 0x08000000, Size: 0x0000591c, Max: 0xffffffff, ABSOLUTE)

    Base Addr    Size         Type   Attr      Idx    E Section Name        Object

    0x08000000   0x00000130   Data   RO            3    RESET               startup_stm32f10x_hd.o
    0x08000130   0x00000000   Code   RO          576  * .ARM.Collect$$$$00000000  mc_w.l(entry.o)
    0x08000130   0x00000004   Code   RO          854    .ARM.Collect$$$$00000001  mc_w.l(entry2.o)
    0x08000134   0x00000004   Code   RO          857    .ARM.Collect$$$$00000004  mc_w.l(entry5.o)
    0x08000138   0x00000000   Code   RO          859    .ARM.Collect$$$$00000008  mc_w.l(entry7b.o)
    0x08000138   0x00000000   Code   RO          861    .ARM.Collect$$$$0000000A  mc_w.l(entry8b.o)
    0x08000138   0x00000008   Code   RO          862    .ARM.Collect$$$$0000000B  mc_w.l(entry9a.o)
    0x08000140   0x00000000   Code   RO          864    .ARM.Collect$$$$0000000D  mc_w.l(entry10a.o)
    0x08000140   0x00000000   Code   RO          866    .ARM.Collect$$$$0000000F  mc_w.l(entry11a.o)
    0x08000140   0x00000004   Code   RO          855    .ARM.Collect$$$$00002712  mc_w.l(entry2.o)
    0x08000144   0x00000030   Code   RO            4  * .text               startup_stm32f10x_hd.o
    0x08000174   0x00000040   Code   RO           10    .text               main.o
    0x080001b4   0x00000100   Code   RO           76    .text               stm32f10x_it.o
    0x080002b4   0x0000032c   Code   RO           98    .text               stm32f10x_gpio.o
    0x080005e0   0x000003a0   Code   RO          110    .text               stm32f10x_rcc.o
    0x08000980   0x00000370   Code   RO          124    .text               stm32f10x_usart.o
    0x08000cf0   0x000000dc   Code   RO          136    .text               misc.o
    0x08000dcc   0x000005bc   Code   RO          151    .text               stm32f10x_flash.o
    0x08001388   0x00000040   Code   RO          166    .text               stm32f10x_iwdg.o
    0x080013c8   0x00000138   Code   RO          191    .text               system_stm32f10x.o
    0x08001500   0x000000a8   Code   RO          209    .text               bsp.o
    0x080015a8   0x00000038   Code   RO          243    .text               led.o
    0x080015e0   0x000000d4   Code   RO          255    .text               usart1.o
    0x080016b4   0x000000b0   Code   RO          274    .text               usart2.o
    0x08001764   0x0000014c   Code   RO          286    .text               usart3.o
    0x080018b0   0x000000a8   Code   RO          298    .text               flash.o
    0x08001958   0x00001758   Code   RO          313    .text               esp8266.o
    0x080030b0   0x00000068   Code   RO          377    .text               crc16.o
    0x08003118   0x0000002a   Code   RO          402    .text               iwdg.o
    0x08003142   0x00000002   PAD
    0x08003144   0x00000324   Code   RO          414    .text               ds18b20.o
    0x08003468   0x00000bb4   Code   RO          429    .text               app.o
    0x0800401c   0x000007ac   Code   RO          453    .text               os_core.o
    0x080047c8   0x000003f0   Code   RO          479    .text               os_mbox.o
    0x08004bb8   0x000002ec   Code   RO          515    .text               os_task.o
    0x08004ea4   0x00000190   Code   RO          527    .text               os_time.o
    0x08005034   0x000000a4   Code   RO          545    .text               os_cpu_a.o
    0x080050d8   0x000000ac   Code   RO          548    .text               os_cpu_c.o
    0x08005184   0x00000024   Code   RO          579    .text               mc_w.l(memcpya.o)
    0x080051a8   0x00000024   Code   RO          581    .text               mc_w.l(memseta.o)
    0x080051cc   0x00000024   Code   RO          583    .text               mc_w.l(strstr.o)
    0x080051f0   0x0000000e   Code   RO          585    .text               mc_w.l(strlen.o)
    0x080051fe   0x0000001c   Code   RO          587    .text               mc_w.l(strcmp.o)
    0x0800521a   0x00000012   Code   RO          589    .text               mc_w.l(strcpy.o)
    0x0800522c   0x00000062   Code   RO          873    .text               mc_w.l(uldiv.o)
    0x0800528e   0x00000002   PAD
    0x08005290   0x00000024   Code   RO          886    .text               mc_w.l(init.o)
    0x080052b4   0x0000001e   Code   RO          889    .text               mc_w.l(llshl.o)
    0x080052d2   0x00000020   Code   RO          891    .text               mc_w.l(llushr.o)
    0x080052f2   0x0000005c   Code   RO          906    .text               mc_w.l(__dczerorl2.o)
    0x0800534e   0x00000002   PAD
    0x08005350   0x00000028   Code   RO          706    i.__0sprintf$4      mc_w.l(printf4.o)
    0x08005378   0x0000000e   Code   RO          900    i.__scatterload_copy  mc_w.l(handlers.o)
    0x08005386   0x00000002   Code   RO          901    i.__scatterload_null  mc_w.l(handlers.o)
    0x08005388   0x0000000e   Code   RO          902    i.__scatterload_zeroinit  mc_w.l(handlers.o)
    0x08005396   0x00000002   PAD
    0x08005398   0x00000228   Code   RO          711    i._printf_core      mc_w.l(printf4.o)
    0x080055c0   0x0000000a   Code   RO          713    i._sputc            mc_w.l(printf4.o)
    0x080055ca   0x00000002   PAD
    0x080055cc   0x00000014   Data   RO          192    .constdata          system_stm32f10x.o
    0x080055e0   0x00000005   Data   RO          315    .constdata          esp8266.o
    0x080055e5   0x00000200   Data   RO          378    .constdata          crc16.o
    0x080057e5   0x00000003   PAD
    0x080057e8   0x00000014   Data   RO          431    .constdata          app.o
    0x080057fc   0x00000100   Data   RO          455    .constdata          os_core.o
    0x080058fc   0x00000020   Data   RO          898    Region$$Table       anon$$obj.o


    Execution Region ER_RW (Base: 0x20000000, Size: 0x00000234, Max: 0xffffffff, ABSOLUTE, COMPRESSED[0x000000bc])

    Base Addr    Size         Type   Attr      Idx    E Section Name        Object

    0x20000000   0x0000000c   Data   RW           78    .data               stm32f10x_it.o
    0x2000000c   0x00000014   Data   RW          111    .data               stm32f10x_rcc.o
    0x20000020   0x000000e2   Data   RW          316    .data               esp8266.o
    0x20000102   0x0000001c   Data   RW          415    .data               ds18b20.o
    0x2000011e   0x00000002   PAD
    0x20000120   0x000000e8   Data   RW          432    .data               app.o
    0x20000208   0x00000029   Data   RW          456    .data               os_core.o


    Execution Region ER_ZI (Base: 0x20000234, Size: 0x00000f0c, Max: 0xffffffff, ABSOLUTE)

    Base Addr    Size         Type   Attr      Idx    E Section Name        Object

    0x20000234   0x00000140   Zero   RW           11    .bss                main.o
    0x20000374   0x0000012c   Zero   RW           77    .bss                stm32f10x_it.o
    0x200004a0   0x00000020   Zero   RW          314    .bss                esp8266.o
    0x200004c0   0x000005e8   Zero   RW          430    .bss                app.o
    0x20000aa8   0x00000498   Zero   RW          454    .bss                os_core.o
    0x20000f40   0x00000200   Zero   RW            1    STACK               startup_stm32f10x_hd.o


==============================================================================

Image component sizes


      Code (inc. data)   RO Data    RW Data    ZI Data      Debug   Object Name

      2996       1154         20        232       1512       4889   app.o
       168         38          0          0          0       5220   bsp.o
       104          8        512          0          0       1918   crc16.o
       804         26          0         28          0       3341   ds18b20.o
      5976       2134          5        226         32      11539   esp8266.o
       168          4          0          0          0       1641   flash.o
        42          0          0          0          0        642   iwdg.o
        56          6          0          0          0        574   led.o
        64         12          0          0        320     234158   main.o
       220         20          0          0          0       3677   misc.o
      1964        138        256         41       1176      15274   os_core.o
       164         32          0          0          0        352   os_cpu_a.o
       172          0          0          0          0      10845   os_cpu_c.o
      1008         18          0          0          0       4326   os_mbox.o
       748         26          0          0          0       3381   os_task.o
       400         20          0          0          0       1550   os_time.o
        48         12        304          0        512        916   startup_stm32f10x_hd.o
      1468         34          0          0          0      14586   stm32f10x_flash.o
       812         18          0          0          0       5303   stm32f10x_gpio.o
       256         36          0         12        300       2822   stm32f10x_it.o
        64          6          0          0          0       1341   stm32f10x_iwdg.o
       928         44          0         20          0       9032   stm32f10x_rcc.o
       880         12          0          0          0       7919   stm32f10x_usart.o
       312         18         20          0          0       1961   system_stm32f10x.o
       212          8          0          0          0       1068   usart1.o
       176          8          0          0          0        878   usart2.o
       332          8          0          0          0       2354   usart3.o

    ----------------------------------------------------------------------
     20544       3840       1152        564       3852     351507   Object Totals
         0          0         32          0          0          0   (incl. Generated)
         2          0          3          5          0          0   (incl. Padding)

    ----------------------------------------------------------------------

      Code (inc. data)   RO Data    RW Data    ZI Data      Debug   Library Member Name

        92          0          0          0          0          0   __dczerorl2.o
         0          0          0          0          0          0   entry.o
         0          0          0          0          0          0   entry10a.o
         0          0          0          0          0          0   entry11a.o
         8          4          0          0          0          0   entry2.o
         4          0          0          0          0          0   entry5.o
         0          0          0          0          0          0   entry7b.o
         0          0          0          0          0          0   entry8b.o
         8          4          0          0          0          0   entry9a.o
        30          0          0          0          0          0   handlers.o
        36          8          0          0          0         68   init.o
        30          0          0          0          0         68   llshl.o
        32          0          0          0          0         68   llushr.o
        36          0          0          0          0         68   memcpya.o
        36          0          0          0          0        108   memseta.o
       602         10          0          0          0        252   printf4.o
        28          0          0          0          0         76   strcmp.o
        18          0          0          0          0         68   strcpy.o
        14          0          0          0          0         68   strlen.o
        36          0          0          0          0         80   strstr.o
        98          0          0          0          0         92   uldiv.o

    ----------------------------------------------------------------------
      1116         26          0          0          0       1016   Library Totals
         8          0          0          0          0          0   (incl. Padding)

    ----------------------------------------------------------------------

      Code (inc. data)   RO Data    RW Data    ZI Data      Debug   Library Name

      1108         26          0          0          0       1016   mc_w.l

    ----------------------------------------------------------------------
      1116         26          0          0          0       1016   Library Totals

    ----------------------------------------------------------------------

==============================================================================


      Code (inc. data)   RO Data    RW Data    ZI Data      Debug   

     21660       3866       1152        564       3852     349923   Grand Totals
     21660       3866       1152        188       3852     349923   ELF Image Totals (compressed)
     21660       3866       1152        188          0          0   ROM Totals

==============================================================================

    Total RO  Size (Code + RO Data)                22812 (  22.28kB)
    Total RW  Size (RW Data + ZI Data)              4416 (   4.31kB)
    Total ROM Size (Code + RO Data + RW Data)      23000 (  22.46kB)

==============================================================================

